Copyright 1986-2018 Xilinx, Inc. All Rights Reserved.
-------------------------------------------------------------------------------------------------
| Tool Version : Vivado v.2018.3 (win64) Build 2405991 Thu Dec  6 23:38:27 MST 2018
| Date         : Wed Apr 24 23:17:45 2019
| Host         : DESKTOP-6RNCOV7 running 64-bit major release  (build 9200)
| Command      : report_control_sets -verbose -file Testing_HDMI_wrapper_control_sets_placed.rpt
| Design       : Testing_HDMI_wrapper
| Device       : xc7z020
-------------------------------------------------------------------------------------------------

Control Set Information

Table of Contents
-----------------
1. Summary
2. Histogram
3. Flip-Flop Distribution
4. Detailed Control Set Information

1. Summary
----------

+----------------------------------------------------------+-------+
|                          Status                          | Count |
+----------------------------------------------------------+-------+
| Number of unique control sets                            |    20 |
| Unused register locations in slices containing registers |    51 |
+----------------------------------------------------------+-------+


2. Histogram
------------

+--------+--------------+
| Fanout | Control Sets |
+--------+--------------+
|      3 |            1 |
|      4 |            1 |
|      9 |            2 |
|     12 |            2 |
|    16+ |           14 |
+--------+--------------+


3. Flip-Flop Distribution
-------------------------

+--------------+-----------------------+------------------------+-----------------+--------------+
| Clock Enable | Synchronous Set/Reset | Asynchronous Set/Reset | Total Registers | Total Slices |
+--------------+-----------------------+------------------------+-----------------+--------------+
| No           | No                    | No                     |             247 |           61 |
| No           | No                    | Yes                    |               0 |            0 |
| No           | Yes                   | No                     |              43 |           16 |
| Yes          | No                    | No                     |             186 |           56 |
| Yes          | No                    | Yes                    |               0 |            0 |
| Yes          | Yes                   | No                     |             121 |           31 |
+--------------+-----------------------+------------------------+-----------------+--------------+


4. Detailed Control Set Information
-----------------------------------

+-------------------------------------------+-----------------------------------------------------------------------------------------------------------------------+----------------------------------------------------------+------------------+----------------+
|                Clock Signal               |                                                     Enable Signal                                                     |                     Set/Reset Signal                     | Slice Load Count | Bel Load Count |
+-------------------------------------------+-----------------------------------------------------------------------------------------------------------------------+----------------------------------------------------------+------------------+----------------+
|  Testing_HDMI_i/clk_wiz_0/inst/clk_out4   |                                                                                                                       |                                                          |                2 |              3 |
|  Testing_HDMI_i/HDMI_test_0/inst/clk_TMDS |                                                                                                                       | Testing_HDMI_i/HDMI_test_0/inst/TMDS_mod10[3]_i_1_n_0    |                1 |              4 |
|  Testing_HDMI_i/clk_wiz_0/inst/clk_out1   |                                                                                                                       | Testing_HDMI_i/HDMI_test_0/inst/CounterY                 |                3 |              9 |
|  Testing_HDMI_i/clk_wiz_0/inst/clk_out1   | Testing_HDMI_i/HDMI_test_0/inst/CounterY                                                                              | Testing_HDMI_i/HDMI_test_0/inst/CounterY[9]_i_1_n_0      |                3 |              9 |
|  Testing_HDMI_i/clk_wiz_0/inst/clk_out3   | Testing_HDMI_i/Gamelogic2_0/inst/ap_NS_fsm1                                                                           |                                                          |                4 |             12 |
|  Testing_HDMI_i/clk_wiz_0/inst/clk_out3   | Testing_HDMI_i/Gamelogic2_0/inst/to_add_9_reg_184[11]_i_1_n_0                                                         |                                                          |                5 |             12 |
|  Testing_HDMI_i/clk_wiz_0/inst/clk_out4   | Testing_HDMI_i/clean_button_1/inst/press_reset0                                                                       | Testing_HDMI_i/clean_button_1/inst/down_press0           |                4 |             16 |
|  Testing_HDMI_i/clk_wiz_0/inst/clk_out4   | Testing_HDMI_i/clean_button_2/inst/press_reset0                                                                       | Testing_HDMI_i/clean_button_2/inst/down_press0           |                4 |             16 |
|  Testing_HDMI_i/clk_wiz_0/inst/clk_out4   | Testing_HDMI_i/clean_button_3/inst/press_reset0                                                                       | Testing_HDMI_i/clean_button_3/inst/down_press0           |                4 |             16 |
|  Testing_HDMI_i/clk_wiz_0/inst/clk_out1   |                                                                                                                       | Testing_HDMI_i/HDMI_test_0/inst/encode_R/DrawArea_reg    |               12 |             30 |
|  Testing_HDMI_i/HDMI_test_0/inst/clk_TMDS |                                                                                                                       |                                                          |                4 |             31 |
|  Testing_HDMI_i/clk_wiz_0/inst/clk_out3   | Testing_HDMI_i/Gamelogic2_0/inst/Gamelogic2_urem_3bkb_U1/Gamelogic2_urem_3bkb_div_U/Gamelogic2_urem_3bkb_div_u_0/Q[0] |                                                          |                8 |             32 |
|  Testing_HDMI_i/clk_wiz_0/inst/clk_out3   | Testing_HDMI_i/Gamelogic2_0/inst/Gamelogic2_urem_3bkb_U1/Gamelogic2_urem_3bkb_div_U/start0                            |                                                          |               11 |             32 |
|  Testing_HDMI_i/clk_wiz_0/inst/clk_out3   | Testing_HDMI_i/Gamelogic2_0/inst/btn_count                                                                            |                                                          |                9 |             32 |
|  Testing_HDMI_i/clk_wiz_0/inst/clk_out3   | Testing_HDMI_i/Gamelogic2_0/inst/btn_count0                                                                           | Testing_HDMI_i/Gamelogic2_0/inst/btn_count               |                8 |             32 |
|  Testing_HDMI_i/clk_wiz_0/inst/clk_out3   | Testing_HDMI_i/Gamelogic2_0/inst/btn_count_new_2_reg_172[31]_i_2_n_0                                                  | Testing_HDMI_i/Gamelogic2_0/inst/btn_count_new_2_reg_172 |                8 |             32 |
|  Testing_HDMI_i/clk_wiz_0/inst/clk_out3   | Testing_HDMI_i/Gamelogic2_0/inst/tmp_i_i_reg_5680                                                                     |                                                          |                9 |             32 |
|  Testing_HDMI_i/clk_wiz_0/inst/clk_out3   | Testing_HDMI_i/Gamelogic2_0/inst/reset_game_out1                                                                      |                                                          |               10 |             34 |
|  Testing_HDMI_i/clk_wiz_0/inst/clk_out1   |                                                                                                                       |                                                          |               13 |             41 |
|  Testing_HDMI_i/clk_wiz_0/inst/clk_out3   |                                                                                                                       |                                                          |               42 |            172 |
+-------------------------------------------+-----------------------------------------------------------------------------------------------------------------------+----------------------------------------------------------+------------------+----------------+


