

================================================================
== Vivado HLS Report for 'Interface2'
================================================================
* Date:           Sun Apr 21 19:59:18 2019

* Version:        2018.3 (Build 2405991 on Thu Dec 06 23:56:15 MST 2018)
* Project:        Interface2
* Solution:       solution1
* Product family: zynq
* Target device:  xc7z020clg400-1


================================================================
== Performance Estimates
================================================================
+ Timing (ns): 
    * Summary: 
    +--------+-------+----------+------------+
    |  Clock | Target| Estimated| Uncertainty|
    +--------+-------+----------+------------+
    |ap_clk  |  10.00|     2.764|        1.25|
    +--------+-------+----------+------------+

+ Latency (clock cycles): 
    * Summary: 
    +-----+-----+-----+-----+---------+
    |  Latency  |  Interval | Pipeline|
    | min | max | min | max |   Type  |
    +-----+-----+-----+-----+---------+
    |    0|    0|    0|    0|   none  |
    +-----+-----+-----+-----+---------+

    + Detail: 
        * Instance: 
        N/A

        * Loop: 
        N/A



================================================================
== Utilization Estimates
================================================================
* Summary: 
+-----------------+---------+-------+--------+-------+
|       Name      | BRAM_18K| DSP48E|   FF   |  LUT  |
+-----------------+---------+-------+--------+-------+
|DSP              |        -|      -|       -|      -|
|Expression       |        -|      -|       0|     26|
|FIFO             |        -|      -|       -|      -|
|Instance         |        -|      -|       -|      -|
|Memory           |        -|      -|       -|      -|
|Multiplexer      |        -|      -|       -|      -|
|Register         |        -|      -|       -|      -|
+-----------------+---------+-------+--------+-------+
|Total            |        0|      0|       0|     26|
+-----------------+---------+-------+--------+-------+
|Available        |      280|    220|  106400|  53200|
+-----------------+---------+-------+--------+-------+
|Utilization (%)  |        0|      0|       0|   ~0  |
+-----------------+---------+-------+--------+-------+

+ Detail: 
    * Instance: 
    N/A

    * DSP48: 
    N/A

    * Memory: 
    N/A

    * FIFO: 
    N/A

    * Expression: 
    +------------------+----------+-------+---+----+------------+------------+
    |   Variable Name  | Operation| DSP48E| FF| LUT| Bitwidth P0| Bitwidth P1|
    +------------------+----------+-------+---+----+------------+------------+
    |tmp_fu_75_p2      |   icmp   |      0|  0|  13|          10|           8|
    |XY_Blue_V         |  select  |      0|  0|   7|           1|           1|
    |XY_Green_V        |  select  |      0|  0|   2|           1|           2|
    |XY_Red_V          |  select  |      0|  0|   2|           1|           2|
    |not_tmp_fu_99_p2  |    xor   |      0|  0|   2|           1|           2|
    +------------------+----------+-------+---+----+------------+------------+
    |Total             |          |      0|  0|  26|          14|          15|
    +------------------+----------+-------+---+----+------------+------------+

    * Multiplexer: 
    N/A

    * Register: 
    N/A



================================================================
== Interface
================================================================
* Summary: 
+------------------+-----+-----+------------+------------------+--------------+
|     RTL Ports    | Dir | Bits|  Protocol  |   Source Object  |    C Type    |
+------------------+-----+-----+------------+------------------+--------------+
|ap_start          |  in |    1| ap_ctrl_hs |    Interface2    | return value |
|ap_done           | out |    1| ap_ctrl_hs |    Interface2    | return value |
|ap_idle           | out |    1| ap_ctrl_hs |    Interface2    | return value |
|ap_ready          | out |    1| ap_ctrl_hs |    Interface2    | return value |
|x_V               |  in |   10|   ap_none  |        x_V       |    scalar    |
|y_V               |  in |   10|   ap_none  |        y_V       |    scalar    |
|XY_Red_V          | out |    8|   ap_none  |     XY_Red_V     |    pointer   |
|XY_Green_V        | out |    8|   ap_none  |    XY_Green_V    |    pointer   |
|XY_Blue_V         | out |    8|   ap_none  |     XY_Blue_V    |    pointer   |
|lose              |  in |    1|   ap_none  |       lose       |    scalar    |
|time_remaining_V  |  in |   10|   ap_none  | time_remaining_V |    scalar    |
|verify1           |  in |    1|   ap_none  |      verify1     |    scalar    |
|verify2           |  in |    1|   ap_none  |      verify2     |    scalar    |
|verify3           |  in |    1|   ap_none  |      verify3     |    scalar    |
+------------------+-----+-----+------------+------------------+--------------+

============================================================
+ Verbose Summary: Synthesis Manager
============================================================
InlineROM: 1
ExposeGlobal: 0
============================================================
+ Verbose Summary: CDFG Model
============================================================
IsTopModel: 1
ResetActiveHigh: 1
IsCombinational: 1
IsDatapathOnly: 2
HasWiredReturn: 1
HasMFsm: 0
HasVarLatency: 0
IsPipeline: 0
IsRtlPipelined: 0
IsInstanceOverlapped: 0
IsDontTouch: 0
HasImplIP: 0
IsGatedGlobalClock: 0


============================================================
+ Verbose Summary: Schedule
============================================================
* Number of FSM states : 1
* Pipeline : 0
* Dataflow Pipeline: 0

* FSM state transitions: 
1 --> 

* FSM state operations: 

State 1 <SV = 0> <Delay = 2.76>
ST_1 : Operation 2 [1/1] (0.00ns)   --->   "call void (...)* @_ssdm_op_SpecBitsMap(i10 %x_V), !map !106"   --->   Operation 2 'specbitsmap' <Predicate = true> <Delay = 0.00>
ST_1 : Operation 3 [1/1] (0.00ns)   --->   "call void (...)* @_ssdm_op_SpecBitsMap(i10 %y_V), !map !112"   --->   Operation 3 'specbitsmap' <Predicate = true> <Delay = 0.00>
ST_1 : Operation 4 [1/1] (0.00ns)   --->   "call void (...)* @_ssdm_op_SpecBitsMap(i8* %XY_Red_V), !map !116"   --->   Operation 4 'specbitsmap' <Predicate = true> <Delay = 0.00>
ST_1 : Operation 5 [1/1] (0.00ns)   --->   "call void (...)* @_ssdm_op_SpecBitsMap(i8* %XY_Green_V), !map !120"   --->   Operation 5 'specbitsmap' <Predicate = true> <Delay = 0.00>
ST_1 : Operation 6 [1/1] (0.00ns)   --->   "call void (...)* @_ssdm_op_SpecBitsMap(i8* %XY_Blue_V), !map !124"   --->   Operation 6 'specbitsmap' <Predicate = true> <Delay = 0.00>
ST_1 : Operation 7 [1/1] (0.00ns)   --->   "call void (...)* @_ssdm_op_SpecBitsMap(i1 %lose), !map !128"   --->   Operation 7 'specbitsmap' <Predicate = true> <Delay = 0.00>
ST_1 : Operation 8 [1/1] (0.00ns)   --->   "call void (...)* @_ssdm_op_SpecBitsMap(i10 %time_remaining_V), !map !132"   --->   Operation 8 'specbitsmap' <Predicate = true> <Delay = 0.00>
ST_1 : Operation 9 [1/1] (0.00ns)   --->   "call void (...)* @_ssdm_op_SpecBitsMap(i1 %verify1), !map !136"   --->   Operation 9 'specbitsmap' <Predicate = true> <Delay = 0.00>
ST_1 : Operation 10 [1/1] (0.00ns)   --->   "call void (...)* @_ssdm_op_SpecBitsMap(i1 %verify2), !map !140"   --->   Operation 10 'specbitsmap' <Predicate = true> <Delay = 0.00>
ST_1 : Operation 11 [1/1] (0.00ns)   --->   "call void (...)* @_ssdm_op_SpecBitsMap(i1 %verify3), !map !144"   --->   Operation 11 'specbitsmap' <Predicate = true> <Delay = 0.00>
ST_1 : Operation 12 [1/1] (0.00ns)   --->   "call void (...)* @_ssdm_op_SpecTopModule([11 x i8]* @Interface2_str) nounwind"   --->   Operation 12 'spectopmodule' <Predicate = true> <Delay = 0.00>
ST_1 : Operation 13 [1/1] (0.00ns)   --->   "%x_V_read = call i10 @_ssdm_op_Read.ap_none.i10(i10 %x_V)" [Interface2/Interface2.cpp:32]   --->   Operation 13 'read' 'x_V_read' <Predicate = true> <Delay = 0.00>
ST_1 : Operation 14 [1/1] (0.00ns)   --->   "call void (...)* @_ssdm_op_SpecInterface(i10 %x_V, [8 x i8]* @p_str2, i32 0, i32 0, [1 x i8]* @p_str, i32 0, i32 0, [1 x i8]* @p_str, [1 x i8]* @p_str, [1 x i8]* @p_str, i32 0, i32 0, i32 0, i32 0, [1 x i8]* @p_str, [1 x i8]* @p_str) nounwind" [Interface2/Interface2.cpp:35]   --->   Operation 14 'specinterface' <Predicate = true> <Delay = 0.00>
ST_1 : Operation 15 [1/1] (0.00ns)   --->   "call void (...)* @_ssdm_op_SpecInterface(i10 %y_V, [8 x i8]* @p_str2, i32 0, i32 0, [1 x i8]* @p_str, i32 0, i32 0, [1 x i8]* @p_str, [1 x i8]* @p_str, [1 x i8]* @p_str, i32 0, i32 0, i32 0, i32 0, [1 x i8]* @p_str, [1 x i8]* @p_str) nounwind" [Interface2/Interface2.cpp:36]   --->   Operation 15 'specinterface' <Predicate = true> <Delay = 0.00>
ST_1 : Operation 16 [1/1] (0.00ns)   --->   "call void (...)* @_ssdm_op_SpecInterface(i8* %XY_Red_V, [8 x i8]* @p_str2, i32 0, i32 0, [1 x i8]* @p_str, i32 0, i32 0, [1 x i8]* @p_str, [1 x i8]* @p_str, [1 x i8]* @p_str, i32 0, i32 0, i32 0, i32 0, [1 x i8]* @p_str, [1 x i8]* @p_str) nounwind" [Interface2/Interface2.cpp:38]   --->   Operation 16 'specinterface' <Predicate = true> <Delay = 0.00>
ST_1 : Operation 17 [1/1] (0.00ns)   --->   "call void (...)* @_ssdm_op_SpecInterface(i8* %XY_Green_V, [8 x i8]* @p_str2, i32 0, i32 0, [1 x i8]* @p_str, i32 0, i32 0, [1 x i8]* @p_str, [1 x i8]* @p_str, [1 x i8]* @p_str, i32 0, i32 0, i32 0, i32 0, [1 x i8]* @p_str, [1 x i8]* @p_str) nounwind" [Interface2/Interface2.cpp:39]   --->   Operation 17 'specinterface' <Predicate = true> <Delay = 0.00>
ST_1 : Operation 18 [1/1] (0.00ns)   --->   "call void (...)* @_ssdm_op_SpecInterface(i8* %XY_Blue_V, [8 x i8]* @p_str2, i32 0, i32 0, [1 x i8]* @p_str, i32 0, i32 0, [1 x i8]* @p_str, [1 x i8]* @p_str, [1 x i8]* @p_str, i32 0, i32 0, i32 0, i32 0, [1 x i8]* @p_str, [1 x i8]* @p_str) nounwind" [Interface2/Interface2.cpp:40]   --->   Operation 18 'specinterface' <Predicate = true> <Delay = 0.00>
ST_1 : Operation 19 [1/1] (1.77ns)   --->   "%tmp = icmp ugt i10 %x_V_read, 200" [Interface2/Interface2.cpp:19->Interface2/Interface2.cpp:41]   --->   Operation 19 'icmp' 'tmp' <Predicate = true> <Delay = 1.77> <Core = "Cmp">   --->   Core 25 'Cmp' <Latency = 0> <II = 1> <Delay = 1.77> <FuncUnit> <Opcode : 'icmp'> <InPorts = 2> <OutPorts = 1>
ST_1 : Operation 20 [1/1] (0.99ns)   --->   "%storemerge2 = select i1 %tmp, i8 -1, i8 0" [Interface2/Interface2.cpp:19->Interface2/Interface2.cpp:41]   --->   Operation 20 'select' 'storemerge2' <Predicate = true> <Delay = 0.99> <Core = "Sel">   --->   Core 26 'Sel' <Latency = 0> <II = 1> <Delay = 0.99> <FuncUnit> <Opcode : 'select'> <InPorts = 3> <OutPorts = 1>
ST_1 : Operation 21 [1/1] (0.99ns)   --->   "%storemerge1_cast_cas = select i1 %tmp, i8 0, i8 -56" [Interface2/Interface2.cpp:19->Interface2/Interface2.cpp:41]   --->   Operation 21 'select' 'storemerge1_cast_cas' <Predicate = true> <Delay = 0.99> <Core = "Sel">   --->   Core 26 'Sel' <Latency = 0> <II = 1> <Delay = 0.99> <FuncUnit> <Opcode : 'select'> <InPorts = 3> <OutPorts = 1>
ST_1 : Operation 22 [1/1] (0.00ns) (grouped into LUT with out node storemerge_cast)   --->   "%not_tmp = xor i1 %tmp, true" [Interface2/Interface2.cpp:19->Interface2/Interface2.cpp:41]   --->   Operation 22 'xor' 'not_tmp' <Predicate = true> <Delay = 0.00> <Core = "LogicGate">   --->   Core 27 'LogicGate' <Latency = 0> <II = 1> <Delay = 0.97> <FuncUnit> <Opcode : 'and' 'or' 'xor'> <InPorts = 2> <OutPorts = 1>
ST_1 : Operation 23 [1/1] (0.99ns) (out node of the LUT)   --->   "%storemerge_cast = select i1 %not_tmp, i8 -1, i8 0" [Interface2/Interface2.cpp:19->Interface2/Interface2.cpp:41]   --->   Operation 23 'select' 'storemerge_cast' <Predicate = true> <Delay = 0.99> <Core = "Sel">   --->   Core 26 'Sel' <Latency = 0> <II = 1> <Delay = 0.99> <FuncUnit> <Opcode : 'select'> <InPorts = 3> <OutPorts = 1>
ST_1 : Operation 24 [1/1] (0.00ns)   --->   "call void @_ssdm_op_Write.ap_none.i8P(i8* %XY_Red_V, i8 %storemerge2)" [Interface2/Interface2.cpp:21->Interface2/Interface2.cpp:41]   --->   Operation 24 'write' <Predicate = true> <Delay = 0.00>
ST_1 : Operation 25 [1/1] (0.00ns)   --->   "call void @_ssdm_op_Write.ap_none.i8P(i8* %XY_Blue_V, i8 %storemerge1_cast_cas)" [Interface2/Interface2.cpp:27->Interface2/Interface2.cpp:41]   --->   Operation 25 'write' <Predicate = true> <Delay = 0.00>
ST_1 : Operation 26 [1/1] (0.00ns)   --->   "call void @_ssdm_op_Write.ap_none.i8P(i8* %XY_Green_V, i8 %storemerge_cast)" [Interface2/Interface2.cpp:23->Interface2/Interface2.cpp:41]   --->   Operation 26 'write' <Predicate = true> <Delay = 0.00>
ST_1 : Operation 27 [1/1] (0.00ns)   --->   "ret void" [Interface2/Interface2.cpp:44]   --->   Operation 27 'ret' <Predicate = true> <Delay = 0.00>


============================================================
+ Verbose Summary: Binding
============================================================
STG Binding: 
---------------- STG Properties BEGIN ----------------
- Is combinational: 1
- Is one-state seq: 0
- Is datapath-only: 0
- Is pipelined: 0
- Is top level: 1
Port [ Return ] is wired: 1; IO mode=ap_ctrl_hs:ce=0
Port [ x_V]:  wired=1; compound=0; hidden=0; nouse=0; global=0; static=0; extern=0; dir=0; type=0; pingpong=0; private_global=0; IO mode=ap_none:ce=0
Port [ y_V]:  wired=1; compound=0; hidden=0; nouse=1; global=0; static=0; extern=0; dir=0; type=0; pingpong=0; private_global=0; IO mode=ap_none:ce=0
Port [ XY_Red_V]:  wired=1; compound=0; hidden=0; nouse=0; global=0; static=0; extern=0; dir=1; type=0; pingpong=0; private_global=0; IO mode=ap_none:ce=0
Port [ XY_Green_V]:  wired=1; compound=0; hidden=0; nouse=0; global=0; static=0; extern=0; dir=1; type=0; pingpong=0; private_global=0; IO mode=ap_none:ce=0
Port [ XY_Blue_V]:  wired=1; compound=0; hidden=0; nouse=0; global=0; static=0; extern=0; dir=1; type=0; pingpong=0; private_global=0; IO mode=ap_none:ce=0
Port [ lose]:  wired=1; compound=0; hidden=0; nouse=1; global=0; static=0; extern=0; dir=0; type=0; pingpong=0; private_global=0; IO mode=ap_none:ce=0
Port [ time_remaining_V]:  wired=1; compound=0; hidden=0; nouse=1; global=0; static=0; extern=0; dir=0; type=0; pingpong=0; private_global=0; IO mode=ap_none:ce=0
Port [ verify1]:  wired=1; compound=0; hidden=0; nouse=1; global=0; static=0; extern=0; dir=0; type=0; pingpong=0; private_global=0; IO mode=ap_none:ce=0
Port [ verify2]:  wired=1; compound=0; hidden=0; nouse=1; global=0; static=0; extern=0; dir=0; type=0; pingpong=0; private_global=0; IO mode=ap_none:ce=0
Port [ verify3]:  wired=1; compound=0; hidden=0; nouse=1; global=0; static=0; extern=0; dir=0; type=0; pingpong=0; private_global=0; IO mode=ap_none:ce=0
---------------- STG Properties END ------------------

---------------- Datapath Model BEGIN ----------------

<LifeTime>
<method=bitvector/>
StgValue_2           (specbitsmap  ) [ 00]
StgValue_3           (specbitsmap  ) [ 00]
StgValue_4           (specbitsmap  ) [ 00]
StgValue_5           (specbitsmap  ) [ 00]
StgValue_6           (specbitsmap  ) [ 00]
StgValue_7           (specbitsmap  ) [ 00]
StgValue_8           (specbitsmap  ) [ 00]
StgValue_9           (specbitsmap  ) [ 00]
StgValue_10          (specbitsmap  ) [ 00]
StgValue_11          (specbitsmap  ) [ 00]
StgValue_12          (spectopmodule) [ 00]
x_V_read             (read         ) [ 00]
StgValue_14          (specinterface) [ 00]
StgValue_15          (specinterface) [ 00]
StgValue_16          (specinterface) [ 00]
StgValue_17          (specinterface) [ 00]
StgValue_18          (specinterface) [ 00]
tmp                  (icmp         ) [ 00]
storemerge2          (select       ) [ 00]
storemerge1_cast_cas (select       ) [ 00]
not_tmp              (xor          ) [ 00]
storemerge_cast      (select       ) [ 00]
StgValue_24          (write        ) [ 00]
StgValue_25          (write        ) [ 00]
StgValue_26          (write        ) [ 00]
StgValue_27          (ret          ) [ 00]
</LifeTime>

<model>

<comp_list>
<comp id="0" class="1000" name="x_V">
<pin_list>
<pin id="1" dir="1" index="0" bw="1" slack="0"/>
</pin_list>
<bind>
<StgValue><ssdm name="x_V"/></StgValue>
</bind>
</comp>

<comp id="2" class="1000" name="y_V">
<pin_list>
<pin id="3" dir="1" index="0" bw="1" slack="2147483647"/>
</pin_list>
<bind>
<StgValue><ssdm name="y_V"/></StgValue>
</bind>
</comp>

<comp id="4" class="1000" name="XY_Red_V">
<pin_list>
<pin id="5" dir="1" index="0" bw="1" slack="0"/>
</pin_list>
<bind>
<StgValue><ssdm name="XY_Red_V"/></StgValue>
</bind>
</comp>

<comp id="6" class="1000" name="XY_Green_V">
<pin_list>
<pin id="7" dir="1" index="0" bw="1" slack="0"/>
</pin_list>
<bind>
<StgValue><ssdm name="XY_Green_V"/></StgValue>
</bind>
</comp>

<comp id="8" class="1000" name="XY_Blue_V">
<pin_list>
<pin id="9" dir="1" index="0" bw="1" slack="0"/>
</pin_list>
<bind>
<StgValue><ssdm name="XY_Blue_V"/></StgValue>
</bind>
</comp>

<comp id="10" class="1000" name="lose">
<pin_list>
<pin id="11" dir="1" index="0" bw="1" slack="2147483647"/>
</pin_list>
<bind>
<StgValue><ssdm name="lose"/></StgValue>
</bind>
</comp>

<comp id="12" class="1000" name="time_remaining_V">
<pin_list>
<pin id="13" dir="1" index="0" bw="1" slack="2147483647"/>
</pin_list>
<bind>
<StgValue><ssdm name="time_remaining_V"/></StgValue>
</bind>
</comp>

<comp id="14" class="1000" name="verify1">
<pin_list>
<pin id="15" dir="1" index="0" bw="1" slack="2147483647"/>
</pin_list>
<bind>
<StgValue><ssdm name="verify1"/></StgValue>
</bind>
</comp>

<comp id="16" class="1000" name="verify2">
<pin_list>
<pin id="17" dir="1" index="0" bw="1" slack="2147483647"/>
</pin_list>
<bind>
<StgValue><ssdm name="verify2"/></StgValue>
</bind>
</comp>

<comp id="18" class="1000" name="verify3">
<pin_list>
<pin id="19" dir="1" index="0" bw="1" slack="2147483647"/>
</pin_list>
<bind>
<StgValue><ssdm name="verify3"/></StgValue>
</bind>
</comp>

<comp id="20" class="1001" name="const_20">
<pin_list>
<pin id="21" dir="1" index="0" bw="1" slack="2147483647"/>
</pin_list>
<bind>
<StgValue><ssdm name="_ssdm_op_SpecBitsMap"/></StgValue>
</bind>
</comp>

<comp id="22" class="1001" name="const_22">
<pin_list>
<pin id="23" dir="1" index="0" bw="1" slack="2147483647"/>
</pin_list>
<bind>
<StgValue><ssdm name="_ssdm_op_SpecTopModule"/></StgValue>
</bind>
</comp>

<comp id="24" class="1001" name="const_24">
<pin_list>
<pin id="25" dir="1" index="0" bw="1" slack="2147483647"/>
</pin_list>
<bind>
<StgValue><ssdm name="Interface2_str"/></StgValue>
</bind>
</comp>

<comp id="26" class="1001" name="const_26">
<pin_list>
<pin id="27" dir="1" index="0" bw="1" slack="0"/>
</pin_list>
<bind>
<StgValue><ssdm name="_ssdm_op_Read.ap_none.i10"/></StgValue>
</bind>
</comp>

<comp id="28" class="1001" name="const_28">
<pin_list>
<pin id="29" dir="1" index="0" bw="1" slack="2147483647"/>
</pin_list>
<bind>
<StgValue><ssdm name="_ssdm_op_SpecInterface"/></StgValue>
</bind>
</comp>

<comp id="30" class="1001" name="const_30">
<pin_list>
<pin id="31" dir="1" index="0" bw="1" slack="2147483647"/>
</pin_list>
<bind>
<StgValue><ssdm name="p_str2"/></StgValue>
</bind>
</comp>

<comp id="32" class="1001" name="const_32">
<pin_list>
<pin id="33" dir="1" index="0" bw="1" slack="2147483647"/>
</pin_list>
<bind>
<StgValue><ssdm name=""/></StgValue>
</bind>
</comp>

<comp id="34" class="1001" name="const_34">
<pin_list>
<pin id="35" dir="1" index="0" bw="1" slack="2147483647"/>
</pin_list>
<bind>
<StgValue><ssdm name="p_str"/></StgValue>
</bind>
</comp>

<comp id="36" class="1001" name="const_36">
<pin_list>
<pin id="37" dir="1" index="0" bw="1" slack="0"/>
</pin_list>
<bind>
<StgValue><ssdm name=""/></StgValue>
</bind>
</comp>

<comp id="38" class="1001" name="const_38">
<pin_list>
<pin id="39" dir="1" index="0" bw="1" slack="0"/>
</pin_list>
<bind>
<StgValue><ssdm name=""/></StgValue>
</bind>
</comp>

<comp id="40" class="1001" name="const_40">
<pin_list>
<pin id="41" dir="1" index="0" bw="1" slack="0"/>
</pin_list>
<bind>
<StgValue><ssdm name=""/></StgValue>
</bind>
</comp>

<comp id="42" class="1001" name="const_42">
<pin_list>
<pin id="43" dir="1" index="0" bw="1" slack="0"/>
</pin_list>
<bind>
<StgValue><ssdm name=""/></StgValue>
</bind>
</comp>

<comp id="44" class="1001" name="const_44">
<pin_list>
<pin id="45" dir="1" index="0" bw="1" slack="0"/>
</pin_list>
<bind>
<StgValue><ssdm name=""/></StgValue>
</bind>
</comp>

<comp id="46" class="1001" name="const_46">
<pin_list>
<pin id="47" dir="1" index="0" bw="1" slack="0"/>
</pin_list>
<bind>
<StgValue><ssdm name="_ssdm_op_Write.ap_none.i8P"/></StgValue>
</bind>
</comp>

<comp id="48" class="1004" name="x_V_read_read_fu_48">
<pin_list>
<pin id="49" dir="0" index="0" bw="10" slack="0"/>
<pin id="50" dir="0" index="1" bw="10" slack="0"/>
<pin id="51" dir="1" index="2" bw="10" slack="0"/>
</pin_list>
<bind>
<opcode="read(1150) " fcode="read"/>
<opset="x_V_read/1 "/>
</bind>
</comp>

<comp id="54" class="1004" name="StgValue_24_write_fu_54">
<pin_list>
<pin id="55" dir="0" index="0" bw="0" slack="0"/>
<pin id="56" dir="0" index="1" bw="8" slack="0"/>
<pin id="57" dir="0" index="2" bw="8" slack="0"/>
<pin id="58" dir="1" index="3" bw="0" slack="2147483647"/>
</pin_list>
<bind>
<opcode="write(1151) " fcode="write"/>
<opset="StgValue_24/1 "/>
</bind>
</comp>

<comp id="61" class="1004" name="StgValue_25_write_fu_61">
<pin_list>
<pin id="62" dir="0" index="0" bw="0" slack="0"/>
<pin id="63" dir="0" index="1" bw="8" slack="0"/>
<pin id="64" dir="0" index="2" bw="7" slack="0"/>
<pin id="65" dir="1" index="3" bw="0" slack="2147483647"/>
</pin_list>
<bind>
<opcode="write(1151) " fcode="write"/>
<opset="StgValue_25/1 "/>
</bind>
</comp>

<comp id="68" class="1004" name="StgValue_26_write_fu_68">
<pin_list>
<pin id="69" dir="0" index="0" bw="0" slack="0"/>
<pin id="70" dir="0" index="1" bw="8" slack="0"/>
<pin id="71" dir="0" index="2" bw="8" slack="0"/>
<pin id="72" dir="1" index="3" bw="0" slack="2147483647"/>
</pin_list>
<bind>
<opcode="write(1151) " fcode="write"/>
<opset="StgValue_26/1 "/>
</bind>
</comp>

<comp id="75" class="1004" name="tmp_fu_75">
<pin_list>
<pin id="76" dir="0" index="0" bw="10" slack="0"/>
<pin id="77" dir="0" index="1" bw="10" slack="0"/>
<pin id="78" dir="1" index="2" bw="1" slack="0"/>
</pin_list>
<bind>
<opcode="icmp(45) " fcode="icmp"/>
<opset="tmp/1 "/>
</bind>
</comp>

<comp id="81" class="1004" name="storemerge2_fu_81">
<pin_list>
<pin id="82" dir="0" index="0" bw="1" slack="0"/>
<pin id="83" dir="0" index="1" bw="8" slack="0"/>
<pin id="84" dir="0" index="2" bw="8" slack="0"/>
<pin id="85" dir="1" index="3" bw="8" slack="0"/>
</pin_list>
<bind>
<opcode="select(49) " fcode="select"/>
<opset="storemerge2/1 "/>
</bind>
</comp>

<comp id="90" class="1004" name="storemerge1_cast_cas_fu_90">
<pin_list>
<pin id="91" dir="0" index="0" bw="1" slack="0"/>
<pin id="92" dir="0" index="1" bw="8" slack="0"/>
<pin id="93" dir="0" index="2" bw="8" slack="0"/>
<pin id="94" dir="1" index="3" bw="8" slack="0"/>
</pin_list>
<bind>
<opcode="select(49) " fcode="select"/>
<opset="storemerge1_cast_cas/1 "/>
</bind>
</comp>

<comp id="99" class="1004" name="not_tmp_fu_99">
<pin_list>
<pin id="100" dir="0" index="0" bw="1" slack="0"/>
<pin id="101" dir="0" index="1" bw="1" slack="0"/>
<pin id="102" dir="1" index="2" bw="1" slack="0"/>
</pin_list>
<bind>
<opcode="xor(25) " fcode="xor"/>
<opset="not_tmp/1 "/>
</bind>
</comp>

<comp id="105" class="1004" name="storemerge_cast_fu_105">
<pin_list>
<pin id="106" dir="0" index="0" bw="1" slack="0"/>
<pin id="107" dir="0" index="1" bw="8" slack="0"/>
<pin id="108" dir="0" index="2" bw="8" slack="0"/>
<pin id="109" dir="1" index="3" bw="8" slack="0"/>
</pin_list>
<bind>
<opcode="select(49) " fcode="select"/>
<opset="storemerge_cast/1 "/>
</bind>
</comp>

</comp_list>

<net_list>
<net id="52"><net_src comp="26" pin="0"/><net_sink comp="48" pin=0"/></net>

<net id="53"><net_src comp="0" pin="0"/><net_sink comp="48" pin=1"/></net>

<net id="59"><net_src comp="46" pin="0"/><net_sink comp="54" pin=0"/></net>

<net id="60"><net_src comp="4" pin="0"/><net_sink comp="54" pin=1"/></net>

<net id="66"><net_src comp="46" pin="0"/><net_sink comp="61" pin=0"/></net>

<net id="67"><net_src comp="8" pin="0"/><net_sink comp="61" pin=1"/></net>

<net id="73"><net_src comp="46" pin="0"/><net_sink comp="68" pin=0"/></net>

<net id="74"><net_src comp="6" pin="0"/><net_sink comp="68" pin=1"/></net>

<net id="79"><net_src comp="48" pin="2"/><net_sink comp="75" pin=0"/></net>

<net id="80"><net_src comp="36" pin="0"/><net_sink comp="75" pin=1"/></net>

<net id="86"><net_src comp="75" pin="2"/><net_sink comp="81" pin=0"/></net>

<net id="87"><net_src comp="38" pin="0"/><net_sink comp="81" pin=1"/></net>

<net id="88"><net_src comp="40" pin="0"/><net_sink comp="81" pin=2"/></net>

<net id="89"><net_src comp="81" pin="3"/><net_sink comp="54" pin=2"/></net>

<net id="95"><net_src comp="75" pin="2"/><net_sink comp="90" pin=0"/></net>

<net id="96"><net_src comp="40" pin="0"/><net_sink comp="90" pin=1"/></net>

<net id="97"><net_src comp="42" pin="0"/><net_sink comp="90" pin=2"/></net>

<net id="98"><net_src comp="90" pin="3"/><net_sink comp="61" pin=2"/></net>

<net id="103"><net_src comp="75" pin="2"/><net_sink comp="99" pin=0"/></net>

<net id="104"><net_src comp="44" pin="0"/><net_sink comp="99" pin=1"/></net>

<net id="110"><net_src comp="99" pin="2"/><net_sink comp="105" pin=0"/></net>

<net id="111"><net_src comp="38" pin="0"/><net_sink comp="105" pin=1"/></net>

<net id="112"><net_src comp="40" pin="0"/><net_sink comp="105" pin=2"/></net>

<net id="113"><net_src comp="105" pin="3"/><net_sink comp="68" pin=2"/></net>

</net_list>

</model> 
---------------- Datapath Model END ------------------

* FSMD analyzer results:
  - Output states:
	Port: XY_Red_V | {1 }
	Port: XY_Green_V | {1 }
	Port: XY_Blue_V | {1 }
 - Input state : 
	Port: Interface2 : x_V | {1 }
  - Chain level:
	State 1
		storemerge2 : 1
		storemerge1_cast_cas : 1
		not_tmp : 1
		storemerge_cast : 1
		StgValue_24 : 2
		StgValue_25 : 2
		StgValue_26 : 2


============================================================
+ Verbose Summary: Datapath Resource usage 
============================================================

* Functional unit list:
|----------|----------------------------|---------|---------|
| Operation|       Functional Unit      |    FF   |   LUT   |
|----------|----------------------------|---------|---------|
|          |      storemerge2_fu_81     |    0    |    8    |
|  select  | storemerge1_cast_cas_fu_90 |    0    |    8    |
|          |   storemerge_cast_fu_105   |    0    |    8    |
|----------|----------------------------|---------|---------|
|   icmp   |          tmp_fu_75         |    0    |    13   |
|----------|----------------------------|---------|---------|
|    xor   |        not_tmp_fu_99       |    0    |    2    |
|----------|----------------------------|---------|---------|
|   read   |     x_V_read_read_fu_48    |    0    |    0    |
|----------|----------------------------|---------|---------|
|          |   StgValue_24_write_fu_54  |    0    |    0    |
|   write  |   StgValue_25_write_fu_61  |    0    |    0    |
|          |   StgValue_26_write_fu_68  |    0    |    0    |
|----------|----------------------------|---------|---------|
|   Total  |                            |    0    |    39   |
|----------|----------------------------|---------|---------|

Memories:
N/A

* Register list:
N/A

* Multiplexer (MUX) list: 
|--------|------|------|------|--------|
|  Comp  |  Pin | Size |  BW  | S x BW |
|--------|------|------|------|--------|
|  Total |      |      |      |    0   |
|--------|------|------|------|--------|



* Summary:
+-----------+--------+--------+
|           |   FF   |   LUT  |
+-----------+--------+--------+
|  Function |    0   |   39   |
|   Memory  |    -   |    -   |
|Multiplexer|    -   |    -   |
|  Register |    -   |    -   |
+-----------+--------+--------+
|   Total   |    0   |   39   |
+-----------+--------+--------+
