

================================================================
== Vivado HLS Report for 'Interface2'
================================================================
* Date:           Tue Apr 23 14:08:02 2019

* Version:        2018.3 (Build 2405991 on Thu Dec 06 23:56:15 MST 2018)
* Project:        Interface2
* Solution:       solution1
* Product family: zynq
* Target device:  xc7z020clg400-1


================================================================
== Performance Estimates
================================================================
+ Timing (ns): 
    * Summary: 
    +--------+-------+----------+------------+
    |  Clock | Target| Estimated| Uncertainty|
    +--------+-------+----------+------------+
    |ap_clk  |  40.00|     2.748|        0.00|
    +--------+-------+----------+------------+

+ Latency (clock cycles): 
    * Summary: 
    +-----+-----+-----+-----+---------+
    |  Latency  |  Interval | Pipeline|
    | min | max | min | max |   Type  |
    +-----+-----+-----+-----+---------+
    |    3|    4|    3|    4|   none  |
    +-----+-----+-----+-----+---------+

    + Detail: 
        * Instance: 
        N/A

        * Loop: 
        N/A

============================================================
+ Verbose Summary: Synthesis Manager
============================================================
InlineROM: 1
ExposeGlobal: 0
============================================================
+ Verbose Summary: CDFG Model
============================================================
IsTopModel: 1
ResetActiveHigh: 1
IsCombinational: 0
IsDatapathOnly: 0
HasWiredReturn: 1
HasMFsm: 0
HasVarLatency: 1
IsPipeline: 0
IsRtlPipelined: 0
IsInstanceOverlapped: 0
IsDontTouch: 0
HasImplIP: 0
IsGatedGlobalClock: 0


============================================================
+ Verbose Summary: Schedule
============================================================
* Number of FSM states : 5
* Pipeline : 0
* Dataflow Pipeline: 0

* FSM state transitions: 
1 --> 
	2  / true
2 --> 
	4  / (!tmp_1)
	3  / (tmp_1)
3 --> 
	4  / true
4 --> 
	5  / true
5 --> 

* FSM state operations: 

State 1 <SV = 0> <Delay = 2.74>
ST_1 : Operation 6 [1/1] (0.00ns)   --->   "call void (...)* @_ssdm_op_SpecBitsMap(i10 %x_V), !map !59"   --->   Operation 6 'specbitsmap' <Predicate = true> <Delay = 0.00>
ST_1 : Operation 7 [1/1] (0.00ns)   --->   "call void (...)* @_ssdm_op_SpecBitsMap(i10 %y_V), !map !65"   --->   Operation 7 'specbitsmap' <Predicate = true> <Delay = 0.00>
ST_1 : Operation 8 [1/1] (0.00ns)   --->   "call void (...)* @_ssdm_op_SpecBitsMap(i8* %XY_Red_V), !map !69"   --->   Operation 8 'specbitsmap' <Predicate = true> <Delay = 0.00>
ST_1 : Operation 9 [1/1] (0.00ns)   --->   "call void (...)* @_ssdm_op_SpecBitsMap(i8* %XY_Green_V), !map !73"   --->   Operation 9 'specbitsmap' <Predicate = true> <Delay = 0.00>
ST_1 : Operation 10 [1/1] (0.00ns)   --->   "call void (...)* @_ssdm_op_SpecBitsMap(i8* %XY_Blue_V), !map !77"   --->   Operation 10 'specbitsmap' <Predicate = true> <Delay = 0.00>
ST_1 : Operation 11 [1/1] (0.00ns)   --->   "call void (...)* @_ssdm_op_SpecBitsMap(i10 %center_line_V), !map !81"   --->   Operation 11 'specbitsmap' <Predicate = true> <Delay = 0.00>
ST_1 : Operation 12 [1/1] (0.00ns)   --->   "call void (...)* @_ssdm_op_SpecBitsMap(i1 %right_r), !map !85"   --->   Operation 12 'specbitsmap' <Predicate = true> <Delay = 0.00>
ST_1 : Operation 13 [1/1] (0.00ns)   --->   "call void (...)* @_ssdm_op_SpecTopModule([11 x i8]* @Interface2_str) nounwind"   --->   Operation 13 'spectopmodule' <Predicate = true> <Delay = 0.00>
ST_1 : Operation 14 [1/1] (0.00ns)   --->   "%right_read = call i1 @_ssdm_op_Read.ap_auto.i1(i1 %right_r)" [Interface2/Interface2.cpp:53]   --->   Operation 14 'read' 'right_read' <Predicate = true> <Delay = 0.00>
ST_1 : Operation 15 [1/1] (0.00ns)   --->   "%center_line_V_read = call i10 @_ssdm_op_Read.ap_none.i10(i10 %center_line_V)" [Interface2/Interface2.cpp:53]   --->   Operation 15 'read' 'center_line_V_read' <Predicate = true> <Delay = 0.00>
ST_1 : Operation 16 [1/1] (0.00ns)   --->   "%y_V_read = call i10 @_ssdm_op_Read.ap_none.i10(i10 %y_V)" [Interface2/Interface2.cpp:53]   --->   Operation 16 'read' 'y_V_read' <Predicate = true> <Delay = 0.00>
ST_1 : Operation 17 [1/1] (0.00ns)   --->   "%x_V_read = call i10 @_ssdm_op_Read.ap_none.i10(i10 %x_V)" [Interface2/Interface2.cpp:53]   --->   Operation 17 'read' 'x_V_read' <Predicate = true> <Delay = 0.00>
ST_1 : Operation 18 [1/1] (0.00ns)   --->   "call void (...)* @_ssdm_op_SpecInterface(i10 %x_V, [8 x i8]* @p_str1, i32 0, i32 0, [1 x i8]* @p_str, i32 0, i32 0, [1 x i8]* @p_str, [1 x i8]* @p_str, [1 x i8]* @p_str, i32 0, i32 0, i32 0, i32 0, [1 x i8]* @p_str, [1 x i8]* @p_str) nounwind" [Interface2/Interface2.cpp:56]   --->   Operation 18 'specinterface' <Predicate = true> <Delay = 0.00>
ST_1 : Operation 19 [1/1] (0.00ns)   --->   "call void (...)* @_ssdm_op_SpecInterface(i10 %y_V, [8 x i8]* @p_str1, i32 0, i32 0, [1 x i8]* @p_str, i32 0, i32 0, [1 x i8]* @p_str, [1 x i8]* @p_str, [1 x i8]* @p_str, i32 0, i32 0, i32 0, i32 0, [1 x i8]* @p_str, [1 x i8]* @p_str) nounwind" [Interface2/Interface2.cpp:57]   --->   Operation 19 'specinterface' <Predicate = true> <Delay = 0.00>
ST_1 : Operation 20 [1/1] (0.00ns)   --->   "call void (...)* @_ssdm_op_SpecInterface(i8* %XY_Red_V, [8 x i8]* @p_str1, i32 0, i32 0, [1 x i8]* @p_str, i32 0, i32 0, [1 x i8]* @p_str, [1 x i8]* @p_str, [1 x i8]* @p_str, i32 0, i32 0, i32 0, i32 0, [1 x i8]* @p_str, [1 x i8]* @p_str) nounwind" [Interface2/Interface2.cpp:59]   --->   Operation 20 'specinterface' <Predicate = true> <Delay = 0.00>
ST_1 : Operation 21 [1/1] (0.00ns)   --->   "call void (...)* @_ssdm_op_SpecInterface(i8* %XY_Green_V, [8 x i8]* @p_str1, i32 0, i32 0, [1 x i8]* @p_str, i32 0, i32 0, [1 x i8]* @p_str, [1 x i8]* @p_str, [1 x i8]* @p_str, i32 0, i32 0, i32 0, i32 0, [1 x i8]* @p_str, [1 x i8]* @p_str) nounwind" [Interface2/Interface2.cpp:60]   --->   Operation 21 'specinterface' <Predicate = true> <Delay = 0.00>
ST_1 : Operation 22 [1/1] (0.00ns)   --->   "call void (...)* @_ssdm_op_SpecInterface(i8* %XY_Blue_V, [8 x i8]* @p_str1, i32 0, i32 0, [1 x i8]* @p_str, i32 0, i32 0, [1 x i8]* @p_str, [1 x i8]* @p_str, [1 x i8]* @p_str, i32 0, i32 0, i32 0, i32 0, [1 x i8]* @p_str, [1 x i8]* @p_str) nounwind" [Interface2/Interface2.cpp:61]   --->   Operation 22 'specinterface' <Predicate = true> <Delay = 0.00>
ST_1 : Operation 23 [1/1] (0.00ns)   --->   "call void (...)* @_ssdm_op_SpecInterface(i10 %center_line_V, [8 x i8]* @p_str1, i32 0, i32 0, [1 x i8]* @p_str, i32 0, i32 0, [1 x i8]* @p_str, [1 x i8]* @p_str, [1 x i8]* @p_str, i32 0, i32 0, i32 0, i32 0, [1 x i8]* @p_str, [1 x i8]* @p_str) nounwind" [Interface2/Interface2.cpp:62]   --->   Operation 23 'specinterface' <Predicate = true> <Delay = 0.00>
ST_1 : Operation 24 [1/1] (1.77ns)   --->   "%tmp = icmp ult i10 %x_V_read, 320" [Interface2/Interface2.cpp:11->Interface2/Interface2.cpp:63]   --->   Operation 24 'icmp' 'tmp' <Predicate = true> <Delay = 1.77> <Core = "Cmp">   --->   Core 25 'Cmp' <Latency = 0> <II = 1> <Delay = 1.77> <FuncUnit> <Opcode : 'icmp'> <InPorts = 2> <OutPorts = 1>
ST_1 : Operation 25 [1/1] (0.00ns)   --->   "br i1 %tmp, label %1, label %._crit_edge255.i" [Interface2/Interface2.cpp:11->Interface2/Interface2.cpp:63]   --->   Operation 25 'br' <Predicate = true> <Delay = 0.00>
ST_1 : Operation 26 [1/1] (1.77ns)   --->   "%p_not_i = icmp ugt i10 %y_V_read, 39" [Interface2/Interface2.cpp:11->Interface2/Interface2.cpp:63]   --->   Operation 26 'icmp' 'p_not_i' <Predicate = (tmp)> <Delay = 1.77> <Core = "Cmp">   --->   Core 25 'Cmp' <Latency = 0> <II = 1> <Delay = 1.77> <FuncUnit> <Opcode : 'icmp'> <InPorts = 2> <OutPorts = 1>
ST_1 : Operation 27 [1/1] (0.97ns)   --->   "%brmerge_i = or i1 %p_not_i, %right_read" [Interface2/Interface2.cpp:11->Interface2/Interface2.cpp:63]   --->   Operation 27 'or' 'brmerge_i' <Predicate = (tmp)> <Delay = 0.97> <Core = "LogicGate">   --->   Core 27 'LogicGate' <Latency = 0> <II = 1> <Delay = 0.97> <FuncUnit> <Opcode : 'and' 'or' 'xor'> <InPorts = 2> <OutPorts = 1>
ST_1 : Operation 28 [1/1] (0.00ns)   --->   "br i1 %brmerge_i, label %._crit_edge.i, label %2" [Interface2/Interface2.cpp:11->Interface2/Interface2.cpp:63]   --->   Operation 28 'br' <Predicate = (tmp)> <Delay = 0.00>
ST_1 : Operation 29 [1/1] (0.00ns)   --->   "call void @_ssdm_op_Write.ap_none.i8P(i8* %XY_Red_V, i8 -1)" [Interface2/Interface2.cpp:12->Interface2/Interface2.cpp:63]   --->   Operation 29 'write' <Predicate = (tmp & !brmerge_i)> <Delay = 0.00>
ST_1 : Operation 30 [1/1] (0.00ns)   --->   "call void @_ssdm_op_Write.ap_none.i8P(i8* %XY_Blue_V, i8 -1)" [Interface2/Interface2.cpp:13->Interface2/Interface2.cpp:63]   --->   Operation 30 'write' <Predicate = (tmp & !brmerge_i)> <Delay = 0.00>
ST_1 : Operation 31 [1/1] (0.00ns)   --->   "call void @_ssdm_op_Write.ap_none.i8P(i8* %XY_Green_V, i8 -1)" [Interface2/Interface2.cpp:14->Interface2/Interface2.cpp:63]   --->   Operation 31 'write' <Predicate = (tmp & !brmerge_i)> <Delay = 0.00>
ST_1 : Operation 32 [1/1] (0.00ns)   --->   "br label %._crit_edge.i" [Interface2/Interface2.cpp:15->Interface2/Interface2.cpp:63]   --->   Operation 32 'br' <Predicate = (tmp & !brmerge_i)> <Delay = 0.00>
ST_1 : Operation 33 [1/1] (0.00ns) (grouped into LUT with out node brmerge247_i)   --->   "%right_not_i = xor i1 %right_read, true" [Interface2/Interface2.cpp:17->Interface2/Interface2.cpp:63]   --->   Operation 33 'xor' 'right_not_i' <Predicate = (tmp)> <Delay = 0.00> <Core = "LogicGate">   --->   Core 27 'LogicGate' <Latency = 0> <II = 1> <Delay = 0.97> <FuncUnit> <Opcode : 'and' 'or' 'xor'> <InPorts = 2> <OutPorts = 1>
ST_1 : Operation 34 [1/1] (0.97ns) (out node of the LUT)   --->   "%brmerge247_i = or i1 %p_not_i, %right_not_i" [Interface2/Interface2.cpp:17->Interface2/Interface2.cpp:63]   --->   Operation 34 'or' 'brmerge247_i' <Predicate = (tmp)> <Delay = 0.97> <Core = "LogicGate">   --->   Core 27 'LogicGate' <Latency = 0> <II = 1> <Delay = 0.97> <FuncUnit> <Opcode : 'and' 'or' 'xor'> <InPorts = 2> <OutPorts = 1>
ST_1 : Operation 35 [1/1] (0.00ns)   --->   "br i1 %brmerge247_i, label %._crit_edge255.i, label %3" [Interface2/Interface2.cpp:17->Interface2/Interface2.cpp:63]   --->   Operation 35 'br' <Predicate = (tmp)> <Delay = 0.00>

State 2 <SV = 1> <Delay = 2.74>
ST_2 : Operation 36 [1/1] (0.00ns)   --->   "call void @_ssdm_op_Write.ap_none.i8P(i8* %XY_Red_V, i8 0)" [Interface2/Interface2.cpp:18->Interface2/Interface2.cpp:63]   --->   Operation 36 'write' <Predicate = (tmp & !brmerge247_i)> <Delay = 0.00>
ST_2 : Operation 37 [1/1] (0.00ns)   --->   "call void @_ssdm_op_Write.ap_none.i8P(i8* %XY_Blue_V, i8 0)" [Interface2/Interface2.cpp:19->Interface2/Interface2.cpp:63]   --->   Operation 37 'write' <Predicate = (tmp & !brmerge247_i)> <Delay = 0.00>
ST_2 : Operation 38 [1/1] (0.00ns)   --->   "call void @_ssdm_op_Write.ap_none.i8P(i8* %XY_Green_V, i8 0)" [Interface2/Interface2.cpp:20->Interface2/Interface2.cpp:63]   --->   Operation 38 'write' <Predicate = (tmp & !brmerge247_i)> <Delay = 0.00>
ST_2 : Operation 39 [1/1] (0.00ns)   --->   "br label %._crit_edge255.i" [Interface2/Interface2.cpp:21->Interface2/Interface2.cpp:63]   --->   Operation 39 'br' <Predicate = (tmp & !brmerge247_i)> <Delay = 0.00>
ST_2 : Operation 40 [1/1] (1.77ns)   --->   "%tmp_1 = icmp ugt i10 %x_V_read, 320" [Interface2/Interface2.cpp:24->Interface2/Interface2.cpp:63]   --->   Operation 40 'icmp' 'tmp_1' <Predicate = true> <Delay = 1.77> <Core = "Cmp">   --->   Core 25 'Cmp' <Latency = 0> <II = 1> <Delay = 1.77> <FuncUnit> <Opcode : 'icmp'> <InPorts = 2> <OutPorts = 1>
ST_2 : Operation 41 [1/1] (0.00ns)   --->   "br i1 %tmp_1, label %4, label %._crit_edge259.i" [Interface2/Interface2.cpp:24->Interface2/Interface2.cpp:63]   --->   Operation 41 'br' <Predicate = true> <Delay = 0.00>
ST_2 : Operation 42 [1/1] (1.77ns)   --->   "%p_not248_i = icmp ugt i10 %y_V_read, 39" [Interface2/Interface2.cpp:24->Interface2/Interface2.cpp:63]   --->   Operation 42 'icmp' 'p_not248_i' <Predicate = (tmp_1)> <Delay = 1.77> <Core = "Cmp">   --->   Core 25 'Cmp' <Latency = 0> <II = 1> <Delay = 1.77> <FuncUnit> <Opcode : 'icmp'> <InPorts = 2> <OutPorts = 1>
ST_2 : Operation 43 [1/1] (0.00ns) (grouped into LUT with out node brmerge250_i)   --->   "%right_not249_i = xor i1 %right_read, true" [Interface2/Interface2.cpp:24->Interface2/Interface2.cpp:63]   --->   Operation 43 'xor' 'right_not249_i' <Predicate = (tmp_1)> <Delay = 0.00> <Core = "LogicGate">   --->   Core 27 'LogicGate' <Latency = 0> <II = 1> <Delay = 0.97> <FuncUnit> <Opcode : 'and' 'or' 'xor'> <InPorts = 2> <OutPorts = 1>
ST_2 : Operation 44 [1/1] (0.97ns) (out node of the LUT)   --->   "%brmerge250_i = or i1 %p_not248_i, %right_not249_i" [Interface2/Interface2.cpp:24->Interface2/Interface2.cpp:63]   --->   Operation 44 'or' 'brmerge250_i' <Predicate = (tmp_1)> <Delay = 0.97> <Core = "LogicGate">   --->   Core 27 'LogicGate' <Latency = 0> <II = 1> <Delay = 0.97> <FuncUnit> <Opcode : 'and' 'or' 'xor'> <InPorts = 2> <OutPorts = 1>
ST_2 : Operation 45 [1/1] (0.00ns)   --->   "br i1 %brmerge250_i, label %._crit_edge256.i, label %5" [Interface2/Interface2.cpp:24->Interface2/Interface2.cpp:63]   --->   Operation 45 'br' <Predicate = (tmp_1)> <Delay = 0.00>

State 3 <SV = 2> <Delay = 0.97>
ST_3 : Operation 46 [1/1] (0.00ns)   --->   "call void @_ssdm_op_Write.ap_none.i8P(i8* %XY_Red_V, i8 -1)" [Interface2/Interface2.cpp:25->Interface2/Interface2.cpp:63]   --->   Operation 46 'write' <Predicate = (!brmerge250_i)> <Delay = 0.00>
ST_3 : Operation 47 [1/1] (0.00ns)   --->   "call void @_ssdm_op_Write.ap_none.i8P(i8* %XY_Blue_V, i8 -1)" [Interface2/Interface2.cpp:26->Interface2/Interface2.cpp:63]   --->   Operation 47 'write' <Predicate = (!brmerge250_i)> <Delay = 0.00>
ST_3 : Operation 48 [1/1] (0.00ns)   --->   "call void @_ssdm_op_Write.ap_none.i8P(i8* %XY_Green_V, i8 -1)" [Interface2/Interface2.cpp:27->Interface2/Interface2.cpp:63]   --->   Operation 48 'write' <Predicate = (!brmerge250_i)> <Delay = 0.00>
ST_3 : Operation 49 [1/1] (0.00ns)   --->   "br label %._crit_edge256.i" [Interface2/Interface2.cpp:28->Interface2/Interface2.cpp:63]   --->   Operation 49 'br' <Predicate = (!brmerge250_i)> <Delay = 0.00>
ST_3 : Operation 50 [1/1] (0.97ns)   --->   "%brmerge252_i = or i1 %p_not248_i, %right_read" [Interface2/Interface2.cpp:29->Interface2/Interface2.cpp:63]   --->   Operation 50 'or' 'brmerge252_i' <Predicate = true> <Delay = 0.97> <Core = "LogicGate">   --->   Core 27 'LogicGate' <Latency = 0> <II = 1> <Delay = 0.97> <FuncUnit> <Opcode : 'and' 'or' 'xor'> <InPorts = 2> <OutPorts = 1>
ST_3 : Operation 51 [1/1] (0.00ns)   --->   "br i1 %brmerge252_i, label %._crit_edge259.i, label %6" [Interface2/Interface2.cpp:29->Interface2/Interface2.cpp:63]   --->   Operation 51 'br' <Predicate = true> <Delay = 0.00>

State 4 <SV = 3> <Delay = 2.74>
ST_4 : Operation 52 [1/1] (0.00ns)   --->   "call void @_ssdm_op_Write.ap_none.i8P(i8* %XY_Red_V, i8 0)" [Interface2/Interface2.cpp:30->Interface2/Interface2.cpp:63]   --->   Operation 52 'write' <Predicate = (tmp_1 & !brmerge252_i)> <Delay = 0.00>
ST_4 : Operation 53 [1/1] (0.00ns)   --->   "call void @_ssdm_op_Write.ap_none.i8P(i8* %XY_Blue_V, i8 -1)" [Interface2/Interface2.cpp:31->Interface2/Interface2.cpp:63]   --->   Operation 53 'write' <Predicate = (tmp_1 & !brmerge252_i)> <Delay = 0.00>
ST_4 : Operation 54 [1/1] (0.00ns)   --->   "call void @_ssdm_op_Write.ap_none.i8P(i8* %XY_Green_V, i8 0)" [Interface2/Interface2.cpp:32->Interface2/Interface2.cpp:63]   --->   Operation 54 'write' <Predicate = (tmp_1 & !brmerge252_i)> <Delay = 0.00>
ST_4 : Operation 55 [1/1] (0.00ns)   --->   "br label %._crit_edge259.i" [Interface2/Interface2.cpp:33->Interface2/Interface2.cpp:63]   --->   Operation 55 'br' <Predicate = (tmp_1 & !brmerge252_i)> <Delay = 0.00>
ST_4 : Operation 56 [1/1] (1.77ns)   --->   "%tmp_2 = icmp ugt i10 %y_V_read, 39" [Interface2/Interface2.cpp:38->Interface2/Interface2.cpp:63]   --->   Operation 56 'icmp' 'tmp_2' <Predicate = true> <Delay = 1.77> <Core = "Cmp">   --->   Core 25 'Cmp' <Latency = 0> <II = 1> <Delay = 1.77> <FuncUnit> <Opcode : 'icmp'> <InPorts = 2> <OutPorts = 1>
ST_4 : Operation 57 [1/1] (0.00ns)   --->   "br i1 %tmp_2, label %7, label %._crit_edge264.i" [Interface2/Interface2.cpp:38->Interface2/Interface2.cpp:63]   --->   Operation 57 'br' <Predicate = true> <Delay = 0.00>
ST_4 : Operation 58 [1/1] (1.77ns)   --->   "%tmp_3 = icmp ugt i10 %x_V_read, %center_line_V_read" [Interface2/Interface2.cpp:38->Interface2/Interface2.cpp:63]   --->   Operation 58 'icmp' 'tmp_3' <Predicate = (tmp_2)> <Delay = 1.77> <Core = "Cmp">   --->   Core 25 'Cmp' <Latency = 0> <II = 1> <Delay = 1.77> <FuncUnit> <Opcode : 'icmp'> <InPorts = 2> <OutPorts = 1>
ST_4 : Operation 59 [1/1] (1.77ns)   --->   "%tmp_4 = icmp ult i10 %x_V_read, -384" [Interface2/Interface2.cpp:38->Interface2/Interface2.cpp:63]   --->   Operation 59 'icmp' 'tmp_4' <Predicate = (tmp_2)> <Delay = 1.77> <Core = "Cmp">   --->   Core 25 'Cmp' <Latency = 0> <II = 1> <Delay = 1.77> <FuncUnit> <Opcode : 'icmp'> <InPorts = 2> <OutPorts = 1>
ST_4 : Operation 60 [1/1] (0.97ns)   --->   "%or_cond = and i1 %tmp_3, %tmp_4" [Interface2/Interface2.cpp:38->Interface2/Interface2.cpp:63]   --->   Operation 60 'and' 'or_cond' <Predicate = (tmp_2)> <Delay = 0.97> <Core = "LogicGate">   --->   Core 27 'LogicGate' <Latency = 0> <II = 1> <Delay = 0.97> <FuncUnit> <Opcode : 'and' 'or' 'xor'> <InPorts = 2> <OutPorts = 1>
ST_4 : Operation 61 [1/1] (0.00ns)   --->   "br i1 %or_cond, label %8, label %._crit_edge260.i" [Interface2/Interface2.cpp:38->Interface2/Interface2.cpp:63]   --->   Operation 61 'br' <Predicate = (tmp_2)> <Delay = 0.00>
ST_4 : Operation 62 [1/1] (1.77ns)   --->   "%tmp_5 = icmp ult i10 %x_V_read, %center_line_V_read" [Interface2/Interface2.cpp:44->Interface2/Interface2.cpp:63]   --->   Operation 62 'icmp' 'tmp_5' <Predicate = (tmp_2 & !or_cond)> <Delay = 1.77> <Core = "Cmp">   --->   Core 25 'Cmp' <Latency = 0> <II = 1> <Delay = 1.77> <FuncUnit> <Opcode : 'icmp'> <InPorts = 2> <OutPorts = 1>
ST_4 : Operation 63 [1/1] (0.00ns)   --->   "br i1 %tmp_5, label %9, label %._crit_edge264.i" [Interface2/Interface2.cpp:44->Interface2/Interface2.cpp:63]   --->   Operation 63 'br' <Predicate = (tmp_2 & !or_cond)> <Delay = 0.00>

State 5 <SV = 4> <Delay = 0.00>
ST_5 : Operation 64 [1/1] (0.00ns)   --->   "call void @_ssdm_op_Write.ap_none.i8P(i8* %XY_Red_V, i8 0)" [Interface2/Interface2.cpp:45->Interface2/Interface2.cpp:63]   --->   Operation 64 'write' <Predicate = (tmp_2 & !or_cond & tmp_5)> <Delay = 0.00>
ST_5 : Operation 65 [1/1] (0.00ns)   --->   "call void @_ssdm_op_Write.ap_none.i8P(i8* %XY_Blue_V, i8 0)" [Interface2/Interface2.cpp:46->Interface2/Interface2.cpp:63]   --->   Operation 65 'write' <Predicate = (tmp_2 & !or_cond & tmp_5)> <Delay = 0.00>
ST_5 : Operation 66 [1/1] (0.00ns)   --->   "call void @_ssdm_op_Write.ap_none.i8P(i8* %XY_Green_V, i8 -1)" [Interface2/Interface2.cpp:47->Interface2/Interface2.cpp:63]   --->   Operation 66 'write' <Predicate = (tmp_2 & !or_cond & tmp_5)> <Delay = 0.00>
ST_5 : Operation 67 [1/1] (0.00ns)   --->   "br label %._crit_edge264.i" [Interface2/Interface2.cpp:49->Interface2/Interface2.cpp:63]   --->   Operation 67 'br' <Predicate = (tmp_2 & !or_cond & tmp_5)> <Delay = 0.00>
ST_5 : Operation 68 [1/1] (0.00ns)   --->   "br label %retBit.exit"   --->   Operation 68 'br' <Predicate = (!or_cond) | (!tmp_2)> <Delay = 0.00>
ST_5 : Operation 69 [1/1] (0.00ns)   --->   "call void @_ssdm_op_Write.ap_none.i8P(i8* %XY_Red_V, i8 -1)" [Interface2/Interface2.cpp:39->Interface2/Interface2.cpp:63]   --->   Operation 69 'write' <Predicate = (tmp_2 & or_cond)> <Delay = 0.00>
ST_5 : Operation 70 [1/1] (0.00ns)   --->   "call void @_ssdm_op_Write.ap_none.i8P(i8* %XY_Blue_V, i8 0)" [Interface2/Interface2.cpp:40->Interface2/Interface2.cpp:63]   --->   Operation 70 'write' <Predicate = (tmp_2 & or_cond)> <Delay = 0.00>
ST_5 : Operation 71 [1/1] (0.00ns)   --->   "call void @_ssdm_op_Write.ap_none.i8P(i8* %XY_Green_V, i8 0)" [Interface2/Interface2.cpp:41->Interface2/Interface2.cpp:63]   --->   Operation 71 'write' <Predicate = (tmp_2 & or_cond)> <Delay = 0.00>
ST_5 : Operation 72 [1/1] (0.00ns)   --->   "br label %retBit.exit" [Interface2/Interface2.cpp:43->Interface2/Interface2.cpp:63]   --->   Operation 72 'br' <Predicate = (tmp_2 & or_cond)> <Delay = 0.00>
ST_5 : Operation 73 [1/1] (0.00ns)   --->   "ret void" [Interface2/Interface2.cpp:66]   --->   Operation 73 'ret' <Predicate = true> <Delay = 0.00>


============================================================
+ Verbose Summary: Timing violations
============================================================
Target clock period: 40ns, clock uncertainty: 0ns.

 <State 1>: 2.75ns
The critical path consists of the following:
	wire read on port 'y_V' (Interface2/Interface2.cpp:53) [18]  (0 ns)
	'icmp' operation ('p_not_i', Interface2/Interface2.cpp:11->Interface2/Interface2.cpp:63) [29]  (1.77 ns)
	'or' operation ('brmerge_i', Interface2/Interface2.cpp:11->Interface2/Interface2.cpp:63) [30]  (0.978 ns)

 <State 2>: 2.75ns
The critical path consists of the following:
	'icmp' operation ('p_not248_i', Interface2/Interface2.cpp:24->Interface2/Interface2.cpp:63) [50]  (1.77 ns)
	'or' operation ('brmerge250_i', Interface2/Interface2.cpp:24->Interface2/Interface2.cpp:63) [52]  (0.978 ns)

 <State 3>: 0.978ns
The critical path consists of the following:
	'or' operation ('brmerge252_i', Interface2/Interface2.cpp:29->Interface2/Interface2.cpp:63) [60]  (0.978 ns)

 <State 4>: 2.75ns
The critical path consists of the following:
	'icmp' operation ('tmp_3', Interface2/Interface2.cpp:38->Interface2/Interface2.cpp:63) [71]  (1.77 ns)
	'and' operation ('or_cond', Interface2/Interface2.cpp:38->Interface2/Interface2.cpp:63) [73]  (0.978 ns)

 <State 5>: 0ns
The critical path consists of the following:


============================================================
+ Verbose Summary: Binding
============================================================
N/A
* FSMD analyzer results:
  - Output states:
 - Input state : 
  - Chain level:
	State 1
	State 2
	State 3
	State 4
	State 5


============================================================
+ Verbose Summary: Datapath Resource usage 
============================================================
N/A
