

================================================================
== Vivado HLS Report for 'Interface2'
================================================================
* Date:           Tue Apr 23 14:08:03 2019

* Version:        2018.3 (Build 2405991 on Thu Dec 06 23:56:15 MST 2018)
* Project:        Interface2
* Solution:       solution1
* Product family: zynq
* Target device:  xc7z020clg400-1


================================================================
== Performance Estimates
================================================================
+ Timing (ns): 
    * Summary: 
    +--------+-------+----------+------------+
    |  Clock | Target| Estimated| Uncertainty|
    +--------+-------+----------+------------+
    |ap_clk  |  40.00|     2.748|        0.00|
    +--------+-------+----------+------------+

+ Latency (clock cycles): 
    * Summary: 
    +-----+-----+-----+-----+---------+
    |  Latency  |  Interval | Pipeline|
    | min | max | min | max |   Type  |
    +-----+-----+-----+-----+---------+
    |    3|    4|    3|    4|   none  |
    +-----+-----+-----+-----+---------+

    + Detail: 
        * Instance: 
        N/A

        * Loop: 
        N/A



================================================================
== Utilization Estimates
================================================================
* Summary: 
+-----------------+---------+-------+--------+-------+
|       Name      | BRAM_18K| DSP48E|   FF   |  LUT  |
+-----------------+---------+-------+--------+-------+
|DSP              |        -|      -|       -|      -|
|Expression       |        -|      -|       0|     92|
|FIFO             |        -|      -|       -|      -|
|Instance         |        -|      -|       -|      -|
|Memory           |        -|      -|       -|      -|
|Multiplexer      |        -|      -|       -|    105|
|Register         |        -|      -|      38|      -|
+-----------------+---------+-------+--------+-------+
|Total            |        0|      0|      38|    197|
+-----------------+---------+-------+--------+-------+
|Available        |      280|    220|  106400|  53200|
+-----------------+---------+-------+--------+-------+
|Utilization (%)  |        0|      0|   ~0   |   ~0  |
+-----------------+---------+-------+--------+-------+

+ Detail: 
    * Instance: 
    N/A

    * DSP48: 
    N/A

    * Memory: 
    N/A

    * FIFO: 
    N/A

    * Expression: 
    +--------------------------+----------+-------+---+----+------------+------------+
    |       Variable Name      | Operation| DSP48E| FF| LUT| Bitwidth P0| Bitwidth P1|
    +--------------------------+----------+-------+---+----+------------+------------+
    |or_cond_fu_156_p2         |    and   |      0|  0|   2|           1|           1|
    |grp_fu_97_p2              |   icmp   |      0|  0|  13|          10|           6|
    |tmp_1_fu_127_p2           |   icmp   |      0|  0|  13|          10|           9|
    |tmp_3_fu_147_p2           |   icmp   |      0|  0|  13|          10|          10|
    |tmp_4_fu_151_p2           |   icmp   |      0|  0|  13|          10|          10|
    |tmp_5_fu_162_p2           |   icmp   |      0|  0|  13|          10|          10|
    |tmp_fu_103_p2             |   icmp   |      0|  0|  13|          10|           9|
    |brmerge247_i_fu_121_p2    |    or    |      0|  0|   2|           1|           1|
    |brmerge250_i_fu_137_p2    |    or    |      0|  0|   2|           1|           1|
    |brmerge252_i_fu_143_p2    |    or    |      0|  0|   2|           1|           1|
    |brmerge_i_fu_109_p2       |    or    |      0|  0|   2|           1|           1|
    |right_not249_i_fu_132_p2  |    xor   |      0|  0|   2|           1|           2|
    |right_not_i_fu_115_p2     |    xor   |      0|  0|   2|           1|           2|
    +--------------------------+----------+-------+---+----+------------+------------+
    |Total                     |          |      0|  0|  92|          67|          63|
    +--------------------------+----------+-------+---+----+------------+------------+

    * Multiplexer: 
    +-----------------+----+-----------+-----+-----------+
    |       Name      | LUT| Input Size| Bits| Total Bits|
    +-----------------+----+-----------+-----+-----------+
    |XY_Blue_V        |  15|          3|    8|         24|
    |XY_Blue_V_preg   |   9|          2|    8|         16|
    |XY_Green_V       |  15|          3|    8|         24|
    |XY_Green_V_preg  |   9|          2|    8|         16|
    |XY_Red_V         |  15|          3|    8|         24|
    |XY_Red_V_preg    |   9|          2|    8|         16|
    |ap_NS_fsm        |  33|          6|    1|          6|
    +-----------------+----+-----------+-----+-----------+
    |Total            | 105|         21|   49|        126|
    +-----------------+----+-----------+-----+-----------+

    * Register: 
    +----------------------+---+----+-----+-----------+
    |         Name         | FF| LUT| Bits| Const Bits|
    +----------------------+---+----+-----+-----------+
    |XY_Blue_V_preg        |  8|   0|    8|          0|
    |XY_Green_V_preg       |  8|   0|    8|          0|
    |XY_Red_V_preg         |  8|   0|    8|          0|
    |ap_CS_fsm             |  5|   0|    5|          0|
    |brmerge247_i_reg_198  |  1|   0|    1|          0|
    |brmerge250_i_reg_211  |  1|   0|    1|          0|
    |brmerge252_i_reg_215  |  1|   0|    1|          0|
    |or_cond_reg_223       |  1|   0|    1|          0|
    |p_not248_i_reg_206    |  1|   0|    1|          0|
    |tmp_1_reg_202         |  1|   0|    1|          0|
    |tmp_2_reg_219         |  1|   0|    1|          0|
    |tmp_5_reg_227         |  1|   0|    1|          0|
    |tmp_reg_191           |  1|   0|    1|          0|
    +----------------------+---+----+-----+-----------+
    |Total                 | 38|   0|   38|          0|
    +----------------------+---+----+-----+-----------+



================================================================
== Interface
================================================================
* Summary: 
+---------------+-----+-----+------------+---------------+--------------+
|   RTL Ports   | Dir | Bits|  Protocol  | Source Object |    C Type    |
+---------------+-----+-----+------------+---------------+--------------+
|ap_clk         |  in |    1| ap_ctrl_hs |   Interface2  | return value |
|ap_rst         |  in |    1| ap_ctrl_hs |   Interface2  | return value |
|ap_start       |  in |    1| ap_ctrl_hs |   Interface2  | return value |
|ap_done        | out |    1| ap_ctrl_hs |   Interface2  | return value |
|ap_idle        | out |    1| ap_ctrl_hs |   Interface2  | return value |
|ap_ready       | out |    1| ap_ctrl_hs |   Interface2  | return value |
|x_V            |  in |   10|   ap_none  |      x_V      |    scalar    |
|y_V            |  in |   10|   ap_none  |      y_V      |    scalar    |
|XY_Red_V       | out |    8|   ap_none  |    XY_Red_V   |    pointer   |
|XY_Green_V     | out |    8|   ap_none  |   XY_Green_V  |    pointer   |
|XY_Blue_V      | out |    8|   ap_none  |   XY_Blue_V   |    pointer   |
|center_line_V  |  in |   10|   ap_none  | center_line_V |    scalar    |
|right_r        |  in |    1|   ap_none  |    right_r    |    scalar    |
+---------------+-----+-----+------------+---------------+--------------+

