

================================================================
== Vivado HLS Report for 'Interface2'
================================================================
* Date:           Fri Apr 26 12:47:15 2019

* Version:        2018.3 (Build 2405991 on Thu Dec 06 23:56:15 MST 2018)
* Project:        Interface2
* Solution:       solution1
* Product family: zynq
* Target device:  xc7z020clg400-1


================================================================
== Performance Estimates
================================================================
+ Timing (ns): 
    * Summary: 
    +--------+-------+----------+------------+
    |  Clock | Target| Estimated| Uncertainty|
    +--------+-------+----------+------------+
    |ap_clk  |  10.00|     3.238|        1.25|
    +--------+-------+----------+------------+

+ Latency (clock cycles): 
    * Summary: 
    +-----+-----+-----+-----+---------+
    |  Latency  |  Interval | Pipeline|
    | min | max | min | max |   Type  |
    +-----+-----+-----+-----+---------+
    |    0|    0|    0|    0|   none  |
    +-----+-----+-----+-----+---------+

    + Detail: 
        * Instance: 
        N/A

        * Loop: 
        N/A



================================================================
== Utilization Estimates
================================================================
* Summary: 
+-----------------+---------+-------+--------+-------+
|       Name      | BRAM_18K| DSP48E|   FF   |  LUT  |
+-----------------+---------+-------+--------+-------+
|DSP              |        -|      -|       -|      -|
|Expression       |        -|      -|       0|    102|
|FIFO             |        -|      -|       -|      -|
|Instance         |        -|      -|       -|      -|
|Memory           |        -|      -|       -|      -|
|Multiplexer      |        -|      -|       -|     63|
|Register         |        -|      -|       -|      -|
+-----------------+---------+-------+--------+-------+
|Total            |        0|      0|       0|    165|
+-----------------+---------+-------+--------+-------+
|Available        |      280|    220|  106400|  53200|
+-----------------+---------+-------+--------+-------+
|Utilization (%)  |        0|      0|       0|   ~0  |
+-----------------+---------+-------+--------+-------+

+ Detail: 
    * Instance: 
    N/A

    * DSP48: 
    N/A

    * Memory: 
    N/A

    * FIFO: 
    N/A

    * Expression: 
    +--------------------------------+----------+-------+---+----+------------+------------+
    |          Variable Name         | Operation| DSP48E| FF| LUT| Bitwidth P0| Bitwidth P1|
    +--------------------------------+----------+-------+---+----+------------+------------+
    |ap_condition_37                 |    and   |      0|  0|   2|           1|           1|
    |tmp_3_fu_121_p2                 |   icmp   |      0|  0|  13|          10|           6|
    |tmp_4_fu_170_p2                 |   icmp   |      0|  0|  13|          10|           9|
    |tmp_5_fu_127_p2                 |   icmp   |      0|  0|  13|          10|           6|
    |tmp_9_fu_137_p2                 |   icmp   |      0|  0|  13|          12|          12|
    |storemerge1_cast_cas_fu_152_p3  |  select  |      0|  0|   7|           1|           7|
    |storemerge2_fu_201_p3           |  select  |      0|  0|   8|           1|           8|
    |storemerge4_cast_fu_190_p3      |  select  |      0|  0|   2|           1|           2|
    |storemerge4_fu_182_p3           |  select  |      0|  0|   2|           1|           1|
    |storemerge6_cast_cas_fu_219_p3  |  select  |      0|  0|   6|           1|           6|
    |storemerge7_cast_cas_fu_210_p3  |  select  |      0|  0|   7|           1|           7|
    |storemerge8_fu_143_p3           |  select  |      0|  0|   8|           1|           8|
    |storemerge_cast_cast_fu_161_p3  |  select  |      0|  0|   6|           1|           6|
    |not_right_fu_176_p2             |    xor   |      0|  0|   2|           1|           2|
    +--------------------------------+----------+-------+---+----+------------+------------+
    |Total                           |          |      0|  0| 102|          52|          81|
    +--------------------------------+----------+-------+---+----+------------+------------+

    * Multiplexer: 
    +------------+----+-----------+-----+-----------+
    |    Name    | LUT| Input Size| Bits| Total Bits|
    +------------+----+-----------+-----+-----------+
    |XY_Blue_V   |  21|          4|    8|         32|
    |XY_Green_V  |  21|          4|    8|         32|
    |XY_Red_V    |  21|          4|    8|         32|
    +------------+----+-----------+-----+-----------+
    |Total       |  63|         12|   24|         96|
    +------------+----+-----------+-----+-----------+

    * Register: 
    N/A



================================================================
== Interface
================================================================
* Summary: 
+---------------+-----+-----+------------+---------------+--------------+
|   RTL Ports   | Dir | Bits|  Protocol  | Source Object |    C Type    |
+---------------+-----+-----+------------+---------------+--------------+
|ap_start       |  in |    1| ap_ctrl_hs |   Interface2  | return value |
|ap_done        | out |    1| ap_ctrl_hs |   Interface2  | return value |
|ap_idle        | out |    1| ap_ctrl_hs |   Interface2  | return value |
|ap_ready       | out |    1| ap_ctrl_hs |   Interface2  | return value |
|x_V            |  in |   10|   ap_none  |      x_V      |    scalar    |
|y_V            |  in |   10|   ap_none  |      y_V      |    scalar    |
|XY_Red_V       | out |    8|   ap_none  |    XY_Red_V   |    pointer   |
|XY_Green_V     | out |    8|   ap_none  |   XY_Green_V  |    pointer   |
|XY_Blue_V      | out |    8|   ap_none  |   XY_Blue_V   |    pointer   |
|center_line_V  |  in |   12|   ap_none  | center_line_V |    scalar    |
|right_r        |  in |    1|   ap_none  |    right_r    |    scalar    |
|reset_game     |  in |    1|   ap_none  |   reset_game  |    scalar    |
|right_wins     |  in |    1|   ap_none  |   right_wins  |    scalar    |
|end_game       |  in |    1|   ap_none  |    end_game   |    scalar    |
+---------------+-----+-----+------------+---------------+--------------+

