

================================================================
== Vivado HLS Report for 'Gamelogic2'
================================================================
* Date:           Mon Apr 22 17:17:52 2019

* Version:        2018.3 (Build 2405991 on Thu Dec 06 23:56:15 MST 2018)
* Project:        Gamelogic2
* Solution:       solution1
* Product family: zynq
* Target device:  xc7z020clg400-1


================================================================
== Performance Estimates
================================================================
+ Timing (ns): 
    * Summary: 
    +--------+-------+----------+------------+
    |  Clock | Target| Estimated| Uncertainty|
    +--------+-------+----------+------------+
    |ap_clk  |  10.00|     8.577|        1.25|
    +--------+-------+----------+------------+

+ Latency (clock cycles): 
    * Summary: 
    +-----+-----+-----+-----+---------+
    |  Latency  |  Interval | Pipeline|
    | min | max | min | max |   Type  |
    +-----+-----+-----+-----+---------+
    |    1|   36|    1|   36|   none  |
    +-----+-----+-----+-----+---------+

    + Detail: 
        * Instance: 
        N/A

        * Loop: 
        N/A

============================================================
+ Verbose Summary: Synthesis Manager
============================================================
InlineROM: 1
ExposeGlobal: 0
============================================================
+ Verbose Summary: CDFG Model
============================================================
IsTopModel: 1
ResetActiveHigh: 1
IsCombinational: 0
IsDatapathOnly: 0
HasWiredReturn: 1
HasMFsm: 0
HasVarLatency: 1
IsPipeline: 0
IsRtlPipelined: 0
IsInstanceOverlapped: 0
IsDontTouch: 0
HasImplIP: 0
IsGatedGlobalClock: 0


============================================================
+ Verbose Summary: Schedule
============================================================
* Number of FSM states : 37
* Pipeline : 0
* Dataflow Pipeline: 0

* FSM state transitions: 
1 --> 
	2  / (brmerge2)
	37  / (!brmerge2)
2 --> 
	3  / true
3 --> 
	4  / true
4 --> 
	5  / true
5 --> 
	6  / true
6 --> 
	7  / true
7 --> 
	8  / true
8 --> 
	9  / true
9 --> 
	10  / true
10 --> 
	11  / true
11 --> 
	12  / true
12 --> 
	13  / true
13 --> 
	14  / true
14 --> 
	15  / true
15 --> 
	16  / true
16 --> 
	17  / true
17 --> 
	18  / true
18 --> 
	19  / true
19 --> 
	20  / true
20 --> 
	21  / true
21 --> 
	22  / true
22 --> 
	23  / true
23 --> 
	24  / true
24 --> 
	25  / true
25 --> 
	26  / true
26 --> 
	27  / true
27 --> 
	28  / true
28 --> 
	29  / true
29 --> 
	30  / true
30 --> 
	31  / true
31 --> 
	32  / true
32 --> 
	33  / true
33 --> 
	34  / true
34 --> 
	35  / true
35 --> 
	36  / true
36 --> 
	37  / true
37 --> 

* FSM state operations: 

State 1 <SV = 0> <Delay = 8.57>
ST_1 : Operation 38 [1/1] (0.00ns)   --->   "call void (...)* @_ssdm_op_SpecBitsMap(i1 %btn0), !map !89"   --->   Operation 38 'specbitsmap' <Predicate = true> <Delay = 0.00>
ST_1 : Operation 39 [1/1] (0.00ns)   --->   "call void (...)* @_ssdm_op_SpecBitsMap(i1 %btn1), !map !95"   --->   Operation 39 'specbitsmap' <Predicate = true> <Delay = 0.00>
ST_1 : Operation 40 [1/1] (0.00ns)   --->   "call void (...)* @_ssdm_op_SpecBitsMap(i1 %btn2), !map !99"   --->   Operation 40 'specbitsmap' <Predicate = true> <Delay = 0.00>
ST_1 : Operation 41 [1/1] (0.00ns)   --->   "call void (...)* @_ssdm_op_SpecBitsMap(i1 %btn3), !map !103"   --->   Operation 41 'specbitsmap' <Predicate = true> <Delay = 0.00>
ST_1 : Operation 42 [1/1] (0.00ns)   --->   "call void (...)* @_ssdm_op_SpecBitsMap(i10* %center_line_out_V), !map !107"   --->   Operation 42 'specbitsmap' <Predicate = true> <Delay = 0.00>
ST_1 : Operation 43 [1/1] (0.00ns)   --->   "call void (...)* @_ssdm_op_SpecBitsMap(i10 %center_line_in_V), !map !111"   --->   Operation 43 'specbitsmap' <Predicate = true> <Delay = 0.00>
ST_1 : Operation 44 [1/1] (0.00ns)   --->   "call void (...)* @_ssdm_op_SpecBitsMap(i1* %right_out), !map !115"   --->   Operation 44 'specbitsmap' <Predicate = true> <Delay = 0.00>
ST_1 : Operation 45 [1/1] (0.00ns)   --->   "call void (...)* @_ssdm_op_SpecBitsMap(i1 %right_in), !map !119"   --->   Operation 45 'specbitsmap' <Predicate = true> <Delay = 0.00>
ST_1 : Operation 46 [1/1] (0.00ns)   --->   "call void (...)* @_ssdm_op_SpecTopModule([11 x i8]* @Gamelogic2_str) nounwind"   --->   Operation 46 'spectopmodule' <Predicate = true> <Delay = 0.00>
ST_1 : Operation 47 [1/1] (0.00ns)   --->   "%right_in_read = call i1 @_ssdm_op_Read.ap_none.i1(i1 %right_in)" [Gamelogic2/Gamelogic2.cpp:60]   --->   Operation 47 'read' 'right_in_read' <Predicate = true> <Delay = 0.00>
ST_1 : Operation 48 [1/1] (0.00ns)   --->   "%center_line_in_V_rea = call i10 @_ssdm_op_Read.ap_none.i10(i10 %center_line_in_V)" [Gamelogic2/Gamelogic2.cpp:60]   --->   Operation 48 'read' 'center_line_in_V_rea' <Predicate = true> <Delay = 0.00>
ST_1 : Operation 49 [1/1] (0.00ns)   --->   "%btn3_read = call i1 @_ssdm_op_Read.ap_none.i1(i1 %btn3)" [Gamelogic2/Gamelogic2.cpp:60]   --->   Operation 49 'read' 'btn3_read' <Predicate = true> <Delay = 0.00>
ST_1 : Operation 50 [1/1] (0.00ns)   --->   "%btn2_read = call i1 @_ssdm_op_Read.ap_none.i1(i1 %btn2)" [Gamelogic2/Gamelogic2.cpp:60]   --->   Operation 50 'read' 'btn2_read' <Predicate = true> <Delay = 0.00>
ST_1 : Operation 51 [1/1] (0.00ns)   --->   "%btn1_read = call i1 @_ssdm_op_Read.ap_none.i1(i1 %btn1)" [Gamelogic2/Gamelogic2.cpp:60]   --->   Operation 51 'read' 'btn1_read' <Predicate = true> <Delay = 0.00>
ST_1 : Operation 52 [1/1] (0.00ns)   --->   "%btn0_read = call i1 @_ssdm_op_Read.ap_none.i1(i1 %btn0)" [Gamelogic2/Gamelogic2.cpp:60]   --->   Operation 52 'read' 'btn0_read' <Predicate = true> <Delay = 0.00>
ST_1 : Operation 53 [1/1] (0.00ns)   --->   "call void (...)* @_ssdm_op_SpecInterface(i1 %btn0, [8 x i8]* @p_str, i32 0, i32 0, [1 x i8]* @p_str1, i32 0, i32 0, [1 x i8]* @p_str1, [1 x i8]* @p_str1, [1 x i8]* @p_str1, i32 0, i32 0, i32 0, i32 0, [1 x i8]* @p_str1, [1 x i8]* @p_str1) nounwind" [Gamelogic2/Gamelogic2.cpp:61]   --->   Operation 53 'specinterface' <Predicate = true> <Delay = 0.00>
ST_1 : Operation 54 [1/1] (0.00ns)   --->   "call void (...)* @_ssdm_op_SpecInterface(i1 %btn1, [8 x i8]* @p_str, i32 0, i32 0, [1 x i8]* @p_str1, i32 0, i32 0, [1 x i8]* @p_str1, [1 x i8]* @p_str1, [1 x i8]* @p_str1, i32 0, i32 0, i32 0, i32 0, [1 x i8]* @p_str1, [1 x i8]* @p_str1) nounwind" [Gamelogic2/Gamelogic2.cpp:62]   --->   Operation 54 'specinterface' <Predicate = true> <Delay = 0.00>
ST_1 : Operation 55 [1/1] (0.00ns)   --->   "call void (...)* @_ssdm_op_SpecInterface(i1 %btn2, [8 x i8]* @p_str, i32 0, i32 0, [1 x i8]* @p_str1, i32 0, i32 0, [1 x i8]* @p_str1, [1 x i8]* @p_str1, [1 x i8]* @p_str1, i32 0, i32 0, i32 0, i32 0, [1 x i8]* @p_str1, [1 x i8]* @p_str1) nounwind" [Gamelogic2/Gamelogic2.cpp:63]   --->   Operation 55 'specinterface' <Predicate = true> <Delay = 0.00>
ST_1 : Operation 56 [1/1] (0.00ns)   --->   "call void (...)* @_ssdm_op_SpecInterface(i1 %btn3, [8 x i8]* @p_str, i32 0, i32 0, [1 x i8]* @p_str1, i32 0, i32 0, [1 x i8]* @p_str1, [1 x i8]* @p_str1, [1 x i8]* @p_str1, i32 0, i32 0, i32 0, i32 0, [1 x i8]* @p_str1, [1 x i8]* @p_str1) nounwind" [Gamelogic2/Gamelogic2.cpp:64]   --->   Operation 56 'specinterface' <Predicate = true> <Delay = 0.00>
ST_1 : Operation 57 [1/1] (0.00ns)   --->   "call void (...)* @_ssdm_op_SpecInterface(i1* %right_out, [8 x i8]* @p_str, i32 0, i32 0, [1 x i8]* @p_str1, i32 0, i32 0, [1 x i8]* @p_str1, [1 x i8]* @p_str1, [1 x i8]* @p_str1, i32 0, i32 0, i32 0, i32 0, [1 x i8]* @p_str1, [1 x i8]* @p_str1) nounwind" [Gamelogic2/Gamelogic2.cpp:65]   --->   Operation 57 'specinterface' <Predicate = true> <Delay = 0.00>
ST_1 : Operation 58 [1/1] (0.00ns)   --->   "call void (...)* @_ssdm_op_SpecInterface(i1 %right_in, [8 x i8]* @p_str, i32 0, i32 0, [1 x i8]* @p_str1, i32 0, i32 0, [1 x i8]* @p_str1, [1 x i8]* @p_str1, [1 x i8]* @p_str1, i32 0, i32 0, i32 0, i32 0, [1 x i8]* @p_str1, [1 x i8]* @p_str1) nounwind" [Gamelogic2/Gamelogic2.cpp:66]   --->   Operation 58 'specinterface' <Predicate = true> <Delay = 0.00>
ST_1 : Operation 59 [1/1] (0.00ns)   --->   "call void (...)* @_ssdm_op_SpecInterface(i10* %center_line_out_V, [8 x i8]* @p_str, i32 0, i32 0, [1 x i8]* @p_str1, i32 0, i32 0, [1 x i8]* @p_str1, [1 x i8]* @p_str1, [1 x i8]* @p_str1, i32 0, i32 0, i32 0, i32 0, [1 x i8]* @p_str1, [1 x i8]* @p_str1) nounwind" [Gamelogic2/Gamelogic2.cpp:67]   --->   Operation 59 'specinterface' <Predicate = true> <Delay = 0.00>
ST_1 : Operation 60 [1/1] (0.00ns)   --->   "call void (...)* @_ssdm_op_SpecInterface(i10 %center_line_in_V, [8 x i8]* @p_str, i32 0, i32 0, [1 x i8]* @p_str1, i32 0, i32 0, [1 x i8]* @p_str1, [1 x i8]* @p_str1, [1 x i8]* @p_str1, i32 0, i32 0, i32 0, i32 0, [1 x i8]* @p_str1, [1 x i8]* @p_str1) nounwind" [Gamelogic2/Gamelogic2.cpp:68]   --->   Operation 60 'specinterface' <Predicate = true> <Delay = 0.00>
ST_1 : Operation 61 [1/1] (1.73ns)   --->   "%tmp_8 = add i10 %center_line_in_V_rea, -10" [Gamelogic2/Gamelogic2.cpp:97]   --->   Operation 61 'add' 'tmp_8' <Predicate = true> <Delay = 1.73> <Core = "AddSub">   --->   Core 14 'AddSub' <Latency = 0> <II = 1> <Delay = 2.55> <FuncUnit> <Opcode : 'add' 'sub'> <InPorts = 2> <OutPorts = 1>
ST_1 : Operation 62 [1/1] (1.73ns)   --->   "%tmp_9 = add i10 %center_line_in_V_rea, 10" [Gamelogic2/Gamelogic2.cpp:97]   --->   Operation 62 'add' 'tmp_9' <Predicate = true> <Delay = 1.73> <Core = "AddSub">   --->   Core 14 'AddSub' <Latency = 0> <II = 1> <Delay = 2.55> <FuncUnit> <Opcode : 'add' 'sub'> <InPorts = 2> <OutPorts = 1>
ST_1 : Operation 63 [1/1] (0.00ns) (grouped into LUT with out node sel_tmp12)   --->   "%p_s = select i1 %btn3_read, i10 %tmp_8, i10 %center_line_in_V_rea" [Gamelogic2/Gamelogic2.cpp:79]   --->   Operation 63 'select' 'p_s' <Predicate = true> <Delay = 0.00> <Core = "Sel">   --->   Core 26 'Sel' <Latency = 0> <II = 1> <Delay = 0.68> <FuncUnit> <Opcode : 'select'> <InPorts = 3> <OutPorts = 1>
ST_1 : Operation 64 [1/1] (0.00ns) (grouped into LUT with out node sel_tmp1)   --->   "%p_9 = select i1 %btn3_read, i10 %tmp_9, i10 %center_line_in_V_rea" [Gamelogic2/Gamelogic2.cpp:90]   --->   Operation 64 'select' 'p_9' <Predicate = true> <Delay = 0.00> <Core = "Sel">   --->   Core 26 'Sel' <Latency = 0> <II = 1> <Delay = 0.68> <FuncUnit> <Opcode : 'select'> <InPorts = 3> <OutPorts = 1>
ST_1 : Operation 65 [1/1] (0.00ns) (grouped into LUT with out node sel_tmp1)   --->   "%sel_tmp = and i1 %right_in_read, %btn0_read" [Gamelogic2/Gamelogic2.cpp:60]   --->   Operation 65 'and' 'sel_tmp' <Predicate = true> <Delay = 0.00> <Core = "LogicGate">   --->   Core 27 'LogicGate' <Latency = 0> <II = 1> <Delay = 0.97> <FuncUnit> <Opcode : 'and' 'or' 'xor'> <InPorts = 2> <OutPorts = 1>
ST_1 : Operation 66 [1/1] (0.97ns) (out node of the LUT)   --->   "%sel_tmp1 = select i1 %sel_tmp, i10 %tmp_8, i10 %p_9" [Gamelogic2/Gamelogic2.cpp:90]   --->   Operation 66 'select' 'sel_tmp1' <Predicate = true> <Delay = 0.97> <Core = "Sel">   --->   Core 26 'Sel' <Latency = 0> <II = 1> <Delay = 0.68> <FuncUnit> <Opcode : 'select'> <InPorts = 3> <OutPorts = 1>
ST_1 : Operation 67 [1/1] (0.00ns) (grouped into LUT with out node sel_tmp3)   --->   "%sel_tmp2 = xor i1 %btn0_read, true" [Gamelogic2/Gamelogic2.cpp:60]   --->   Operation 67 'xor' 'sel_tmp2' <Predicate = true> <Delay = 0.00> <Core = "LogicGate">   --->   Core 27 'LogicGate' <Latency = 0> <II = 1> <Delay = 0.97> <FuncUnit> <Opcode : 'and' 'or' 'xor'> <InPorts = 2> <OutPorts = 1>
ST_1 : Operation 68 [1/1] (0.97ns) (out node of the LUT)   --->   "%sel_tmp3 = and i1 %right_in_read, %sel_tmp2" [Gamelogic2/Gamelogic2.cpp:60]   --->   Operation 68 'and' 'sel_tmp3' <Predicate = true> <Delay = 0.97> <Core = "LogicGate">   --->   Core 27 'LogicGate' <Latency = 0> <II = 1> <Delay = 0.97> <FuncUnit> <Opcode : 'and' 'or' 'xor'> <InPorts = 2> <OutPorts = 1>
ST_1 : Operation 69 [1/1] (0.00ns) (grouped into LUT with out node sel_tmp5)   --->   "%sel_tmp4 = and i1 %sel_tmp3, %btn2_read" [Gamelogic2/Gamelogic2.cpp:60]   --->   Operation 69 'and' 'sel_tmp4' <Predicate = true> <Delay = 0.00> <Core = "LogicGate">   --->   Core 27 'LogicGate' <Latency = 0> <II = 1> <Delay = 0.97> <FuncUnit> <Opcode : 'and' 'or' 'xor'> <InPorts = 2> <OutPorts = 1>
ST_1 : Operation 70 [1/1] (0.97ns) (out node of the LUT)   --->   "%sel_tmp5 = select i1 %sel_tmp4, i10 %tmp_9, i10 %sel_tmp1" [Gamelogic2/Gamelogic2.cpp:90]   --->   Operation 70 'select' 'sel_tmp5' <Predicate = true> <Delay = 0.97> <Core = "Sel">   --->   Core 26 'Sel' <Latency = 0> <II = 1> <Delay = 0.68> <FuncUnit> <Opcode : 'select'> <InPorts = 3> <OutPorts = 1>
ST_1 : Operation 71 [1/1] (0.00ns) (grouped into LUT with out node sel_tmp9)   --->   "%sel_tmp8 = xor i1 %btn2_read, true" [Gamelogic2/Gamelogic2.cpp:60]   --->   Operation 71 'xor' 'sel_tmp8' <Predicate = true> <Delay = 0.00> <Core = "LogicGate">   --->   Core 27 'LogicGate' <Latency = 0> <II = 1> <Delay = 0.97> <FuncUnit> <Opcode : 'and' 'or' 'xor'> <InPorts = 2> <OutPorts = 1>
ST_1 : Operation 72 [1/1] (0.97ns) (out node of the LUT)   --->   "%sel_tmp9 = and i1 %sel_tmp3, %sel_tmp8" [Gamelogic2/Gamelogic2.cpp:60]   --->   Operation 72 'and' 'sel_tmp9' <Predicate = true> <Delay = 0.97> <Core = "LogicGate">   --->   Core 27 'LogicGate' <Latency = 0> <II = 1> <Delay = 0.97> <FuncUnit> <Opcode : 'and' 'or' 'xor'> <InPorts = 2> <OutPorts = 1>
ST_1 : Operation 73 [1/1] (0.00ns) (grouped into LUT with out node sel_tmp7)   --->   "%sel_tmp6 = and i1 %sel_tmp9, %btn1_read" [Gamelogic2/Gamelogic2.cpp:60]   --->   Operation 73 'and' 'sel_tmp6' <Predicate = true> <Delay = 0.00> <Core = "LogicGate">   --->   Core 27 'LogicGate' <Latency = 0> <II = 1> <Delay = 0.97> <FuncUnit> <Opcode : 'and' 'or' 'xor'> <InPorts = 2> <OutPorts = 1>
ST_1 : Operation 74 [1/1] (0.97ns) (out node of the LUT)   --->   "%sel_tmp7 = select i1 %sel_tmp6, i10 %tmp_9, i10 %sel_tmp5" [Gamelogic2/Gamelogic2.cpp:90]   --->   Operation 74 'select' 'sel_tmp7' <Predicate = true> <Delay = 0.97> <Core = "Sel">   --->   Core 26 'Sel' <Latency = 0> <II = 1> <Delay = 0.68> <FuncUnit> <Opcode : 'select'> <InPorts = 3> <OutPorts = 1>
ST_1 : Operation 75 [1/1] (0.00ns) (grouped into LUT with out node sel_tmp12)   --->   "%sel_tmp10 = xor i1 %btn1_read, true" [Gamelogic2/Gamelogic2.cpp:60]   --->   Operation 75 'xor' 'sel_tmp10' <Predicate = true> <Delay = 0.00> <Core = "LogicGate">   --->   Core 27 'LogicGate' <Latency = 0> <II = 1> <Delay = 0.97> <FuncUnit> <Opcode : 'and' 'or' 'xor'> <InPorts = 2> <OutPorts = 1>
ST_1 : Operation 76 [1/1] (0.00ns) (grouped into LUT with out node sel_tmp12)   --->   "%sel_tmp11 = and i1 %sel_tmp9, %sel_tmp10" [Gamelogic2/Gamelogic2.cpp:60]   --->   Operation 76 'and' 'sel_tmp11' <Predicate = true> <Delay = 0.00> <Core = "LogicGate">   --->   Core 27 'LogicGate' <Latency = 0> <II = 1> <Delay = 0.97> <FuncUnit> <Opcode : 'and' 'or' 'xor'> <InPorts = 2> <OutPorts = 1>
ST_1 : Operation 77 [1/1] (0.97ns) (out node of the LUT)   --->   "%sel_tmp12 = select i1 %sel_tmp11, i10 %p_s, i10 %sel_tmp7" [Gamelogic2/Gamelogic2.cpp:90]   --->   Operation 77 'select' 'sel_tmp12' <Predicate = true> <Delay = 0.97> <Core = "Sel">   --->   Core 26 'Sel' <Latency = 0> <II = 1> <Delay = 0.68> <FuncUnit> <Opcode : 'select'> <InPorts = 3> <OutPorts = 1>
ST_1 : Operation 78 [1/1] (0.00ns) (grouped into LUT with out node sel_tmp15)   --->   "%sel_tmp13 = xor i1 %right_in_read, true" [Gamelogic2/Gamelogic2.cpp:60]   --->   Operation 78 'xor' 'sel_tmp13' <Predicate = true> <Delay = 0.00> <Core = "LogicGate">   --->   Core 27 'LogicGate' <Latency = 0> <II = 1> <Delay = 0.97> <FuncUnit> <Opcode : 'and' 'or' 'xor'> <InPorts = 2> <OutPorts = 1>
ST_1 : Operation 79 [1/1] (0.00ns) (grouped into LUT with out node sel_tmp15)   --->   "%sel_tmp14 = and i1 %btn0_read, %sel_tmp13" [Gamelogic2/Gamelogic2.cpp:60]   --->   Operation 79 'and' 'sel_tmp14' <Predicate = true> <Delay = 0.00> <Core = "LogicGate">   --->   Core 27 'LogicGate' <Latency = 0> <II = 1> <Delay = 0.97> <FuncUnit> <Opcode : 'and' 'or' 'xor'> <InPorts = 2> <OutPorts = 1>
ST_1 : Operation 80 [1/1] (0.97ns) (out node of the LUT)   --->   "%sel_tmp15 = select i1 %sel_tmp14, i10 %tmp_9, i10 %sel_tmp12" [Gamelogic2/Gamelogic2.cpp:90]   --->   Operation 80 'select' 'sel_tmp15' <Predicate = true> <Delay = 0.97> <Core = "Sel">   --->   Core 26 'Sel' <Latency = 0> <II = 1> <Delay = 0.68> <FuncUnit> <Opcode : 'select'> <InPorts = 3> <OutPorts = 1>
ST_1 : Operation 81 [1/1] (0.97ns)   --->   "%sel_tmp24_demorgan = or i1 %right_in_read, %btn0_read" [Gamelogic2/Gamelogic2.cpp:60]   --->   Operation 81 'or' 'sel_tmp24_demorgan' <Predicate = true> <Delay = 0.97> <Core = "LogicGate">   --->   Core 27 'LogicGate' <Latency = 0> <II = 1> <Delay = 0.97> <FuncUnit> <Opcode : 'and' 'or' 'xor'> <InPorts = 2> <OutPorts = 1>
ST_1 : Operation 82 [1/1] (0.00ns) (grouped into LUT with out node sel_tmp18)   --->   "%sel_tmp16 = xor i1 %sel_tmp24_demorgan, true" [Gamelogic2/Gamelogic2.cpp:60]   --->   Operation 82 'xor' 'sel_tmp16' <Predicate = true> <Delay = 0.00> <Core = "LogicGate">   --->   Core 27 'LogicGate' <Latency = 0> <II = 1> <Delay = 0.97> <FuncUnit> <Opcode : 'and' 'or' 'xor'> <InPorts = 2> <OutPorts = 1>
ST_1 : Operation 83 [1/1] (0.00ns) (grouped into LUT with out node sel_tmp18)   --->   "%sel_tmp17 = and i1 %btn2_read, %sel_tmp16" [Gamelogic2/Gamelogic2.cpp:60]   --->   Operation 83 'and' 'sel_tmp17' <Predicate = true> <Delay = 0.00> <Core = "LogicGate">   --->   Core 27 'LogicGate' <Latency = 0> <II = 1> <Delay = 0.97> <FuncUnit> <Opcode : 'and' 'or' 'xor'> <InPorts = 2> <OutPorts = 1>
ST_1 : Operation 84 [1/1] (0.97ns) (out node of the LUT)   --->   "%sel_tmp18 = select i1 %sel_tmp17, i10 %tmp_8, i10 %sel_tmp15" [Gamelogic2/Gamelogic2.cpp:90]   --->   Operation 84 'select' 'sel_tmp18' <Predicate = true> <Delay = 0.97> <Core = "Sel">   --->   Core 26 'Sel' <Latency = 0> <II = 1> <Delay = 0.68> <FuncUnit> <Opcode : 'select'> <InPorts = 3> <OutPorts = 1>
ST_1 : Operation 85 [1/1] (0.00ns) (grouped into LUT with out node to_add_8)   --->   "%sel_tmp31_demorgan = or i1 %sel_tmp24_demorgan, %btn2_read" [Gamelogic2/Gamelogic2.cpp:60]   --->   Operation 85 'or' 'sel_tmp31_demorgan' <Predicate = true> <Delay = 0.00> <Core = "LogicGate">   --->   Core 27 'LogicGate' <Latency = 0> <II = 1> <Delay = 0.97> <FuncUnit> <Opcode : 'and' 'or' 'xor'> <InPorts = 2> <OutPorts = 1>
ST_1 : Operation 86 [1/1] (0.00ns) (grouped into LUT with out node to_add_8)   --->   "%sel_tmp19 = xor i1 %sel_tmp31_demorgan, true" [Gamelogic2/Gamelogic2.cpp:60]   --->   Operation 86 'xor' 'sel_tmp19' <Predicate = true> <Delay = 0.00> <Core = "LogicGate">   --->   Core 27 'LogicGate' <Latency = 0> <II = 1> <Delay = 0.97> <FuncUnit> <Opcode : 'and' 'or' 'xor'> <InPorts = 2> <OutPorts = 1>
ST_1 : Operation 87 [1/1] (0.00ns) (grouped into LUT with out node to_add_8)   --->   "%sel_tmp20 = and i1 %btn1_read, %sel_tmp19" [Gamelogic2/Gamelogic2.cpp:60]   --->   Operation 87 'and' 'sel_tmp20' <Predicate = true> <Delay = 0.00> <Core = "LogicGate">   --->   Core 27 'LogicGate' <Latency = 0> <II = 1> <Delay = 0.97> <FuncUnit> <Opcode : 'and' 'or' 'xor'> <InPorts = 2> <OutPorts = 1>
ST_1 : Operation 88 [1/1] (0.97ns) (out node of the LUT)   --->   "%to_add_8 = select i1 %sel_tmp20, i10 %tmp_8, i10 %sel_tmp18" [Gamelogic2/Gamelogic2.cpp:90]   --->   Operation 88 'select' 'to_add_8' <Predicate = true> <Delay = 0.97> <Core = "Sel">   --->   Core 26 'Sel' <Latency = 0> <II = 1> <Delay = 0.68> <FuncUnit> <Opcode : 'select'> <InPorts = 3> <OutPorts = 1>
ST_1 : Operation 89 [1/1] (0.00ns) (grouped into LUT with out node brmerge2)   --->   "%tmp = or i1 %btn0_read, %btn1_read" [Gamelogic2/Gamelogic2.cpp:95]   --->   Operation 89 'or' 'tmp' <Predicate = true> <Delay = 0.00> <Core = "LogicGate">   --->   Core 27 'LogicGate' <Latency = 0> <II = 1> <Delay = 0.97> <FuncUnit> <Opcode : 'and' 'or' 'xor'> <InPorts = 2> <OutPorts = 1>
ST_1 : Operation 90 [1/1] (0.00ns) (grouped into LUT with out node brmerge2)   --->   "%tmp1 = or i1 %btn2_read, %btn3_read" [Gamelogic2/Gamelogic2.cpp:95]   --->   Operation 90 'or' 'tmp1' <Predicate = true> <Delay = 0.00> <Core = "LogicGate">   --->   Core 27 'LogicGate' <Latency = 0> <II = 1> <Delay = 0.97> <FuncUnit> <Opcode : 'and' 'or' 'xor'> <InPorts = 2> <OutPorts = 1>
ST_1 : Operation 91 [1/1] (0.97ns) (out node of the LUT)   --->   "%brmerge2 = or i1 %tmp1, %tmp" [Gamelogic2/Gamelogic2.cpp:95]   --->   Operation 91 'or' 'brmerge2' <Predicate = true> <Delay = 0.97> <Core = "LogicGate">   --->   Core 27 'LogicGate' <Latency = 0> <II = 1> <Delay = 0.97> <FuncUnit> <Opcode : 'and' 'or' 'xor'> <InPorts = 2> <OutPorts = 1>
ST_1 : Operation 92 [1/1] (0.00ns)   --->   "br i1 %brmerge2, label %0, label %._crit_edge" [Gamelogic2/Gamelogic2.cpp:95]   --->   Operation 92 'br' <Predicate = true> <Delay = 0.00>
ST_1 : Operation 93 [1/1] (0.00ns)   --->   "%RandSeed_load = load i32* @RandSeed, align 4" [Gamelogic2/Gamelogic2.cpp:45->Gamelogic2/Gamelogic2.cpp:96]   --->   Operation 93 'load' 'RandSeed_load' <Predicate = (brmerge2)> <Delay = 0.00>
ST_1 : Operation 94 [1/1] (8.51ns)   --->   "%tmp_i_i = mul i32 13, %RandSeed_load" [Gamelogic2/Gamelogic2.cpp:40->Gamelogic2/Gamelogic2.cpp:45->Gamelogic2/Gamelogic2.cpp:96]   --->   Operation 94 'mul' 'tmp_i_i' <Predicate = (brmerge2)> <Delay = 8.51> <Core = "Mul">   --->   Core 16 'Mul' <Latency = 0> <II = 1> <Delay = 8.51> <FuncUnit> <Opcode : 'mul'> <InPorts = 2> <OutPorts = 1>

State 2 <SV = 1> <Delay = 6.68>
ST_2 : Operation 95 [1/1] (2.55ns)   --->   "%tmp_1_i_i = add i32 100, %tmp_i_i" [Gamelogic2/Gamelogic2.cpp:40->Gamelogic2/Gamelogic2.cpp:45->Gamelogic2/Gamelogic2.cpp:96]   --->   Operation 95 'add' 'tmp_1_i_i' <Predicate = true> <Delay = 2.55> <Core = "AddSub">   --->   Core 14 'AddSub' <Latency = 0> <II = 1> <Delay = 2.55> <FuncUnit> <Opcode : 'add' 'sub'> <InPorts = 2> <OutPorts = 1>
ST_2 : Operation 96 [36/36] (4.13ns)   --->   "%tmp_2_i_i = urem i32 %tmp_1_i_i, 100" [Gamelogic2/Gamelogic2.cpp:40->Gamelogic2/Gamelogic2.cpp:45->Gamelogic2/Gamelogic2.cpp:96]   --->   Operation 96 'urem' 'tmp_2_i_i' <Predicate = true> <Delay = 4.13> <Core = "DivnS_SEQ">   --->   Core 24 'DivnS_SEQ' <Latency = 35> <II = 32> <Delay = 4.13> <FuncUnit> <Opcode : 'sdiv' 'srem' 'udiv' 'urem'> <InPorts = 2> <OutPorts = 1>

State 3 <SV = 2> <Delay = 4.13>
ST_3 : Operation 97 [35/36] (4.13ns)   --->   "%tmp_2_i_i = urem i32 %tmp_1_i_i, 100" [Gamelogic2/Gamelogic2.cpp:40->Gamelogic2/Gamelogic2.cpp:45->Gamelogic2/Gamelogic2.cpp:96]   --->   Operation 97 'urem' 'tmp_2_i_i' <Predicate = true> <Delay = 4.13> <Core = "DivnS_SEQ">   --->   Core 24 'DivnS_SEQ' <Latency = 35> <II = 32> <Delay = 4.13> <FuncUnit> <Opcode : 'sdiv' 'srem' 'udiv' 'urem'> <InPorts = 2> <OutPorts = 1>

State 4 <SV = 3> <Delay = 4.13>
ST_4 : Operation 98 [34/36] (4.13ns)   --->   "%tmp_2_i_i = urem i32 %tmp_1_i_i, 100" [Gamelogic2/Gamelogic2.cpp:40->Gamelogic2/Gamelogic2.cpp:45->Gamelogic2/Gamelogic2.cpp:96]   --->   Operation 98 'urem' 'tmp_2_i_i' <Predicate = true> <Delay = 4.13> <Core = "DivnS_SEQ">   --->   Core 24 'DivnS_SEQ' <Latency = 35> <II = 32> <Delay = 4.13> <FuncUnit> <Opcode : 'sdiv' 'srem' 'udiv' 'urem'> <InPorts = 2> <OutPorts = 1>

State 5 <SV = 4> <Delay = 4.13>
ST_5 : Operation 99 [33/36] (4.13ns)   --->   "%tmp_2_i_i = urem i32 %tmp_1_i_i, 100" [Gamelogic2/Gamelogic2.cpp:40->Gamelogic2/Gamelogic2.cpp:45->Gamelogic2/Gamelogic2.cpp:96]   --->   Operation 99 'urem' 'tmp_2_i_i' <Predicate = true> <Delay = 4.13> <Core = "DivnS_SEQ">   --->   Core 24 'DivnS_SEQ' <Latency = 35> <II = 32> <Delay = 4.13> <FuncUnit> <Opcode : 'sdiv' 'srem' 'udiv' 'urem'> <InPorts = 2> <OutPorts = 1>

State 6 <SV = 5> <Delay = 4.13>
ST_6 : Operation 100 [32/36] (4.13ns)   --->   "%tmp_2_i_i = urem i32 %tmp_1_i_i, 100" [Gamelogic2/Gamelogic2.cpp:40->Gamelogic2/Gamelogic2.cpp:45->Gamelogic2/Gamelogic2.cpp:96]   --->   Operation 100 'urem' 'tmp_2_i_i' <Predicate = true> <Delay = 4.13> <Core = "DivnS_SEQ">   --->   Core 24 'DivnS_SEQ' <Latency = 35> <II = 32> <Delay = 4.13> <FuncUnit> <Opcode : 'sdiv' 'srem' 'udiv' 'urem'> <InPorts = 2> <OutPorts = 1>

State 7 <SV = 6> <Delay = 4.13>
ST_7 : Operation 101 [31/36] (4.13ns)   --->   "%tmp_2_i_i = urem i32 %tmp_1_i_i, 100" [Gamelogic2/Gamelogic2.cpp:40->Gamelogic2/Gamelogic2.cpp:45->Gamelogic2/Gamelogic2.cpp:96]   --->   Operation 101 'urem' 'tmp_2_i_i' <Predicate = true> <Delay = 4.13> <Core = "DivnS_SEQ">   --->   Core 24 'DivnS_SEQ' <Latency = 35> <II = 32> <Delay = 4.13> <FuncUnit> <Opcode : 'sdiv' 'srem' 'udiv' 'urem'> <InPorts = 2> <OutPorts = 1>

State 8 <SV = 7> <Delay = 4.13>
ST_8 : Operation 102 [30/36] (4.13ns)   --->   "%tmp_2_i_i = urem i32 %tmp_1_i_i, 100" [Gamelogic2/Gamelogic2.cpp:40->Gamelogic2/Gamelogic2.cpp:45->Gamelogic2/Gamelogic2.cpp:96]   --->   Operation 102 'urem' 'tmp_2_i_i' <Predicate = true> <Delay = 4.13> <Core = "DivnS_SEQ">   --->   Core 24 'DivnS_SEQ' <Latency = 35> <II = 32> <Delay = 4.13> <FuncUnit> <Opcode : 'sdiv' 'srem' 'udiv' 'urem'> <InPorts = 2> <OutPorts = 1>

State 9 <SV = 8> <Delay = 4.13>
ST_9 : Operation 103 [29/36] (4.13ns)   --->   "%tmp_2_i_i = urem i32 %tmp_1_i_i, 100" [Gamelogic2/Gamelogic2.cpp:40->Gamelogic2/Gamelogic2.cpp:45->Gamelogic2/Gamelogic2.cpp:96]   --->   Operation 103 'urem' 'tmp_2_i_i' <Predicate = true> <Delay = 4.13> <Core = "DivnS_SEQ">   --->   Core 24 'DivnS_SEQ' <Latency = 35> <II = 32> <Delay = 4.13> <FuncUnit> <Opcode : 'sdiv' 'srem' 'udiv' 'urem'> <InPorts = 2> <OutPorts = 1>

State 10 <SV = 9> <Delay = 4.13>
ST_10 : Operation 104 [28/36] (4.13ns)   --->   "%tmp_2_i_i = urem i32 %tmp_1_i_i, 100" [Gamelogic2/Gamelogic2.cpp:40->Gamelogic2/Gamelogic2.cpp:45->Gamelogic2/Gamelogic2.cpp:96]   --->   Operation 104 'urem' 'tmp_2_i_i' <Predicate = true> <Delay = 4.13> <Core = "DivnS_SEQ">   --->   Core 24 'DivnS_SEQ' <Latency = 35> <II = 32> <Delay = 4.13> <FuncUnit> <Opcode : 'sdiv' 'srem' 'udiv' 'urem'> <InPorts = 2> <OutPorts = 1>

State 11 <SV = 10> <Delay = 4.13>
ST_11 : Operation 105 [27/36] (4.13ns)   --->   "%tmp_2_i_i = urem i32 %tmp_1_i_i, 100" [Gamelogic2/Gamelogic2.cpp:40->Gamelogic2/Gamelogic2.cpp:45->Gamelogic2/Gamelogic2.cpp:96]   --->   Operation 105 'urem' 'tmp_2_i_i' <Predicate = true> <Delay = 4.13> <Core = "DivnS_SEQ">   --->   Core 24 'DivnS_SEQ' <Latency = 35> <II = 32> <Delay = 4.13> <FuncUnit> <Opcode : 'sdiv' 'srem' 'udiv' 'urem'> <InPorts = 2> <OutPorts = 1>

State 12 <SV = 11> <Delay = 4.13>
ST_12 : Operation 106 [26/36] (4.13ns)   --->   "%tmp_2_i_i = urem i32 %tmp_1_i_i, 100" [Gamelogic2/Gamelogic2.cpp:40->Gamelogic2/Gamelogic2.cpp:45->Gamelogic2/Gamelogic2.cpp:96]   --->   Operation 106 'urem' 'tmp_2_i_i' <Predicate = true> <Delay = 4.13> <Core = "DivnS_SEQ">   --->   Core 24 'DivnS_SEQ' <Latency = 35> <II = 32> <Delay = 4.13> <FuncUnit> <Opcode : 'sdiv' 'srem' 'udiv' 'urem'> <InPorts = 2> <OutPorts = 1>

State 13 <SV = 12> <Delay = 4.13>
ST_13 : Operation 107 [25/36] (4.13ns)   --->   "%tmp_2_i_i = urem i32 %tmp_1_i_i, 100" [Gamelogic2/Gamelogic2.cpp:40->Gamelogic2/Gamelogic2.cpp:45->Gamelogic2/Gamelogic2.cpp:96]   --->   Operation 107 'urem' 'tmp_2_i_i' <Predicate = true> <Delay = 4.13> <Core = "DivnS_SEQ">   --->   Core 24 'DivnS_SEQ' <Latency = 35> <II = 32> <Delay = 4.13> <FuncUnit> <Opcode : 'sdiv' 'srem' 'udiv' 'urem'> <InPorts = 2> <OutPorts = 1>

State 14 <SV = 13> <Delay = 4.13>
ST_14 : Operation 108 [24/36] (4.13ns)   --->   "%tmp_2_i_i = urem i32 %tmp_1_i_i, 100" [Gamelogic2/Gamelogic2.cpp:40->Gamelogic2/Gamelogic2.cpp:45->Gamelogic2/Gamelogic2.cpp:96]   --->   Operation 108 'urem' 'tmp_2_i_i' <Predicate = true> <Delay = 4.13> <Core = "DivnS_SEQ">   --->   Core 24 'DivnS_SEQ' <Latency = 35> <II = 32> <Delay = 4.13> <FuncUnit> <Opcode : 'sdiv' 'srem' 'udiv' 'urem'> <InPorts = 2> <OutPorts = 1>

State 15 <SV = 14> <Delay = 4.13>
ST_15 : Operation 109 [23/36] (4.13ns)   --->   "%tmp_2_i_i = urem i32 %tmp_1_i_i, 100" [Gamelogic2/Gamelogic2.cpp:40->Gamelogic2/Gamelogic2.cpp:45->Gamelogic2/Gamelogic2.cpp:96]   --->   Operation 109 'urem' 'tmp_2_i_i' <Predicate = true> <Delay = 4.13> <Core = "DivnS_SEQ">   --->   Core 24 'DivnS_SEQ' <Latency = 35> <II = 32> <Delay = 4.13> <FuncUnit> <Opcode : 'sdiv' 'srem' 'udiv' 'urem'> <InPorts = 2> <OutPorts = 1>

State 16 <SV = 15> <Delay = 4.13>
ST_16 : Operation 110 [22/36] (4.13ns)   --->   "%tmp_2_i_i = urem i32 %tmp_1_i_i, 100" [Gamelogic2/Gamelogic2.cpp:40->Gamelogic2/Gamelogic2.cpp:45->Gamelogic2/Gamelogic2.cpp:96]   --->   Operation 110 'urem' 'tmp_2_i_i' <Predicate = true> <Delay = 4.13> <Core = "DivnS_SEQ">   --->   Core 24 'DivnS_SEQ' <Latency = 35> <II = 32> <Delay = 4.13> <FuncUnit> <Opcode : 'sdiv' 'srem' 'udiv' 'urem'> <InPorts = 2> <OutPorts = 1>

State 17 <SV = 16> <Delay = 4.13>
ST_17 : Operation 111 [21/36] (4.13ns)   --->   "%tmp_2_i_i = urem i32 %tmp_1_i_i, 100" [Gamelogic2/Gamelogic2.cpp:40->Gamelogic2/Gamelogic2.cpp:45->Gamelogic2/Gamelogic2.cpp:96]   --->   Operation 111 'urem' 'tmp_2_i_i' <Predicate = true> <Delay = 4.13> <Core = "DivnS_SEQ">   --->   Core 24 'DivnS_SEQ' <Latency = 35> <II = 32> <Delay = 4.13> <FuncUnit> <Opcode : 'sdiv' 'srem' 'udiv' 'urem'> <InPorts = 2> <OutPorts = 1>

State 18 <SV = 17> <Delay = 4.13>
ST_18 : Operation 112 [20/36] (4.13ns)   --->   "%tmp_2_i_i = urem i32 %tmp_1_i_i, 100" [Gamelogic2/Gamelogic2.cpp:40->Gamelogic2/Gamelogic2.cpp:45->Gamelogic2/Gamelogic2.cpp:96]   --->   Operation 112 'urem' 'tmp_2_i_i' <Predicate = true> <Delay = 4.13> <Core = "DivnS_SEQ">   --->   Core 24 'DivnS_SEQ' <Latency = 35> <II = 32> <Delay = 4.13> <FuncUnit> <Opcode : 'sdiv' 'srem' 'udiv' 'urem'> <InPorts = 2> <OutPorts = 1>

State 19 <SV = 18> <Delay = 4.13>
ST_19 : Operation 113 [19/36] (4.13ns)   --->   "%tmp_2_i_i = urem i32 %tmp_1_i_i, 100" [Gamelogic2/Gamelogic2.cpp:40->Gamelogic2/Gamelogic2.cpp:45->Gamelogic2/Gamelogic2.cpp:96]   --->   Operation 113 'urem' 'tmp_2_i_i' <Predicate = true> <Delay = 4.13> <Core = "DivnS_SEQ">   --->   Core 24 'DivnS_SEQ' <Latency = 35> <II = 32> <Delay = 4.13> <FuncUnit> <Opcode : 'sdiv' 'srem' 'udiv' 'urem'> <InPorts = 2> <OutPorts = 1>

State 20 <SV = 19> <Delay = 4.13>
ST_20 : Operation 114 [18/36] (4.13ns)   --->   "%tmp_2_i_i = urem i32 %tmp_1_i_i, 100" [Gamelogic2/Gamelogic2.cpp:40->Gamelogic2/Gamelogic2.cpp:45->Gamelogic2/Gamelogic2.cpp:96]   --->   Operation 114 'urem' 'tmp_2_i_i' <Predicate = true> <Delay = 4.13> <Core = "DivnS_SEQ">   --->   Core 24 'DivnS_SEQ' <Latency = 35> <II = 32> <Delay = 4.13> <FuncUnit> <Opcode : 'sdiv' 'srem' 'udiv' 'urem'> <InPorts = 2> <OutPorts = 1>

State 21 <SV = 20> <Delay = 4.13>
ST_21 : Operation 115 [17/36] (4.13ns)   --->   "%tmp_2_i_i = urem i32 %tmp_1_i_i, 100" [Gamelogic2/Gamelogic2.cpp:40->Gamelogic2/Gamelogic2.cpp:45->Gamelogic2/Gamelogic2.cpp:96]   --->   Operation 115 'urem' 'tmp_2_i_i' <Predicate = true> <Delay = 4.13> <Core = "DivnS_SEQ">   --->   Core 24 'DivnS_SEQ' <Latency = 35> <II = 32> <Delay = 4.13> <FuncUnit> <Opcode : 'sdiv' 'srem' 'udiv' 'urem'> <InPorts = 2> <OutPorts = 1>

State 22 <SV = 21> <Delay = 4.13>
ST_22 : Operation 116 [16/36] (4.13ns)   --->   "%tmp_2_i_i = urem i32 %tmp_1_i_i, 100" [Gamelogic2/Gamelogic2.cpp:40->Gamelogic2/Gamelogic2.cpp:45->Gamelogic2/Gamelogic2.cpp:96]   --->   Operation 116 'urem' 'tmp_2_i_i' <Predicate = true> <Delay = 4.13> <Core = "DivnS_SEQ">   --->   Core 24 'DivnS_SEQ' <Latency = 35> <II = 32> <Delay = 4.13> <FuncUnit> <Opcode : 'sdiv' 'srem' 'udiv' 'urem'> <InPorts = 2> <OutPorts = 1>

State 23 <SV = 22> <Delay = 4.13>
ST_23 : Operation 117 [15/36] (4.13ns)   --->   "%tmp_2_i_i = urem i32 %tmp_1_i_i, 100" [Gamelogic2/Gamelogic2.cpp:40->Gamelogic2/Gamelogic2.cpp:45->Gamelogic2/Gamelogic2.cpp:96]   --->   Operation 117 'urem' 'tmp_2_i_i' <Predicate = true> <Delay = 4.13> <Core = "DivnS_SEQ">   --->   Core 24 'DivnS_SEQ' <Latency = 35> <II = 32> <Delay = 4.13> <FuncUnit> <Opcode : 'sdiv' 'srem' 'udiv' 'urem'> <InPorts = 2> <OutPorts = 1>

State 24 <SV = 23> <Delay = 4.13>
ST_24 : Operation 118 [14/36] (4.13ns)   --->   "%tmp_2_i_i = urem i32 %tmp_1_i_i, 100" [Gamelogic2/Gamelogic2.cpp:40->Gamelogic2/Gamelogic2.cpp:45->Gamelogic2/Gamelogic2.cpp:96]   --->   Operation 118 'urem' 'tmp_2_i_i' <Predicate = true> <Delay = 4.13> <Core = "DivnS_SEQ">   --->   Core 24 'DivnS_SEQ' <Latency = 35> <II = 32> <Delay = 4.13> <FuncUnit> <Opcode : 'sdiv' 'srem' 'udiv' 'urem'> <InPorts = 2> <OutPorts = 1>

State 25 <SV = 24> <Delay = 4.13>
ST_25 : Operation 119 [13/36] (4.13ns)   --->   "%tmp_2_i_i = urem i32 %tmp_1_i_i, 100" [Gamelogic2/Gamelogic2.cpp:40->Gamelogic2/Gamelogic2.cpp:45->Gamelogic2/Gamelogic2.cpp:96]   --->   Operation 119 'urem' 'tmp_2_i_i' <Predicate = true> <Delay = 4.13> <Core = "DivnS_SEQ">   --->   Core 24 'DivnS_SEQ' <Latency = 35> <II = 32> <Delay = 4.13> <FuncUnit> <Opcode : 'sdiv' 'srem' 'udiv' 'urem'> <InPorts = 2> <OutPorts = 1>

State 26 <SV = 25> <Delay = 4.13>
ST_26 : Operation 120 [12/36] (4.13ns)   --->   "%tmp_2_i_i = urem i32 %tmp_1_i_i, 100" [Gamelogic2/Gamelogic2.cpp:40->Gamelogic2/Gamelogic2.cpp:45->Gamelogic2/Gamelogic2.cpp:96]   --->   Operation 120 'urem' 'tmp_2_i_i' <Predicate = true> <Delay = 4.13> <Core = "DivnS_SEQ">   --->   Core 24 'DivnS_SEQ' <Latency = 35> <II = 32> <Delay = 4.13> <FuncUnit> <Opcode : 'sdiv' 'srem' 'udiv' 'urem'> <InPorts = 2> <OutPorts = 1>

State 27 <SV = 26> <Delay = 4.13>
ST_27 : Operation 121 [11/36] (4.13ns)   --->   "%tmp_2_i_i = urem i32 %tmp_1_i_i, 100" [Gamelogic2/Gamelogic2.cpp:40->Gamelogic2/Gamelogic2.cpp:45->Gamelogic2/Gamelogic2.cpp:96]   --->   Operation 121 'urem' 'tmp_2_i_i' <Predicate = true> <Delay = 4.13> <Core = "DivnS_SEQ">   --->   Core 24 'DivnS_SEQ' <Latency = 35> <II = 32> <Delay = 4.13> <FuncUnit> <Opcode : 'sdiv' 'srem' 'udiv' 'urem'> <InPorts = 2> <OutPorts = 1>

State 28 <SV = 27> <Delay = 4.13>
ST_28 : Operation 122 [10/36] (4.13ns)   --->   "%tmp_2_i_i = urem i32 %tmp_1_i_i, 100" [Gamelogic2/Gamelogic2.cpp:40->Gamelogic2/Gamelogic2.cpp:45->Gamelogic2/Gamelogic2.cpp:96]   --->   Operation 122 'urem' 'tmp_2_i_i' <Predicate = true> <Delay = 4.13> <Core = "DivnS_SEQ">   --->   Core 24 'DivnS_SEQ' <Latency = 35> <II = 32> <Delay = 4.13> <FuncUnit> <Opcode : 'sdiv' 'srem' 'udiv' 'urem'> <InPorts = 2> <OutPorts = 1>

State 29 <SV = 28> <Delay = 4.13>
ST_29 : Operation 123 [9/36] (4.13ns)   --->   "%tmp_2_i_i = urem i32 %tmp_1_i_i, 100" [Gamelogic2/Gamelogic2.cpp:40->Gamelogic2/Gamelogic2.cpp:45->Gamelogic2/Gamelogic2.cpp:96]   --->   Operation 123 'urem' 'tmp_2_i_i' <Predicate = true> <Delay = 4.13> <Core = "DivnS_SEQ">   --->   Core 24 'DivnS_SEQ' <Latency = 35> <II = 32> <Delay = 4.13> <FuncUnit> <Opcode : 'sdiv' 'srem' 'udiv' 'urem'> <InPorts = 2> <OutPorts = 1>

State 30 <SV = 29> <Delay = 4.13>
ST_30 : Operation 124 [8/36] (4.13ns)   --->   "%tmp_2_i_i = urem i32 %tmp_1_i_i, 100" [Gamelogic2/Gamelogic2.cpp:40->Gamelogic2/Gamelogic2.cpp:45->Gamelogic2/Gamelogic2.cpp:96]   --->   Operation 124 'urem' 'tmp_2_i_i' <Predicate = true> <Delay = 4.13> <Core = "DivnS_SEQ">   --->   Core 24 'DivnS_SEQ' <Latency = 35> <II = 32> <Delay = 4.13> <FuncUnit> <Opcode : 'sdiv' 'srem' 'udiv' 'urem'> <InPorts = 2> <OutPorts = 1>

State 31 <SV = 30> <Delay = 4.13>
ST_31 : Operation 125 [7/36] (4.13ns)   --->   "%tmp_2_i_i = urem i32 %tmp_1_i_i, 100" [Gamelogic2/Gamelogic2.cpp:40->Gamelogic2/Gamelogic2.cpp:45->Gamelogic2/Gamelogic2.cpp:96]   --->   Operation 125 'urem' 'tmp_2_i_i' <Predicate = true> <Delay = 4.13> <Core = "DivnS_SEQ">   --->   Core 24 'DivnS_SEQ' <Latency = 35> <II = 32> <Delay = 4.13> <FuncUnit> <Opcode : 'sdiv' 'srem' 'udiv' 'urem'> <InPorts = 2> <OutPorts = 1>

State 32 <SV = 31> <Delay = 4.13>
ST_32 : Operation 126 [6/36] (4.13ns)   --->   "%tmp_2_i_i = urem i32 %tmp_1_i_i, 100" [Gamelogic2/Gamelogic2.cpp:40->Gamelogic2/Gamelogic2.cpp:45->Gamelogic2/Gamelogic2.cpp:96]   --->   Operation 126 'urem' 'tmp_2_i_i' <Predicate = true> <Delay = 4.13> <Core = "DivnS_SEQ">   --->   Core 24 'DivnS_SEQ' <Latency = 35> <II = 32> <Delay = 4.13> <FuncUnit> <Opcode : 'sdiv' 'srem' 'udiv' 'urem'> <InPorts = 2> <OutPorts = 1>

State 33 <SV = 32> <Delay = 4.13>
ST_33 : Operation 127 [5/36] (4.13ns)   --->   "%tmp_2_i_i = urem i32 %tmp_1_i_i, 100" [Gamelogic2/Gamelogic2.cpp:40->Gamelogic2/Gamelogic2.cpp:45->Gamelogic2/Gamelogic2.cpp:96]   --->   Operation 127 'urem' 'tmp_2_i_i' <Predicate = true> <Delay = 4.13> <Core = "DivnS_SEQ">   --->   Core 24 'DivnS_SEQ' <Latency = 35> <II = 32> <Delay = 4.13> <FuncUnit> <Opcode : 'sdiv' 'srem' 'udiv' 'urem'> <InPorts = 2> <OutPorts = 1>

State 34 <SV = 33> <Delay = 4.13>
ST_34 : Operation 128 [4/36] (4.13ns)   --->   "%tmp_2_i_i = urem i32 %tmp_1_i_i, 100" [Gamelogic2/Gamelogic2.cpp:40->Gamelogic2/Gamelogic2.cpp:45->Gamelogic2/Gamelogic2.cpp:96]   --->   Operation 128 'urem' 'tmp_2_i_i' <Predicate = true> <Delay = 4.13> <Core = "DivnS_SEQ">   --->   Core 24 'DivnS_SEQ' <Latency = 35> <II = 32> <Delay = 4.13> <FuncUnit> <Opcode : 'sdiv' 'srem' 'udiv' 'urem'> <InPorts = 2> <OutPorts = 1>

State 35 <SV = 34> <Delay = 4.13>
ST_35 : Operation 129 [3/36] (4.13ns)   --->   "%tmp_2_i_i = urem i32 %tmp_1_i_i, 100" [Gamelogic2/Gamelogic2.cpp:40->Gamelogic2/Gamelogic2.cpp:45->Gamelogic2/Gamelogic2.cpp:96]   --->   Operation 129 'urem' 'tmp_2_i_i' <Predicate = true> <Delay = 4.13> <Core = "DivnS_SEQ">   --->   Core 24 'DivnS_SEQ' <Latency = 35> <II = 32> <Delay = 4.13> <FuncUnit> <Opcode : 'sdiv' 'srem' 'udiv' 'urem'> <InPorts = 2> <OutPorts = 1>

State 36 <SV = 35> <Delay = 4.13>
ST_36 : Operation 130 [2/36] (4.13ns)   --->   "%tmp_2_i_i = urem i32 %tmp_1_i_i, 100" [Gamelogic2/Gamelogic2.cpp:40->Gamelogic2/Gamelogic2.cpp:45->Gamelogic2/Gamelogic2.cpp:96]   --->   Operation 130 'urem' 'tmp_2_i_i' <Predicate = true> <Delay = 4.13> <Core = "DivnS_SEQ">   --->   Core 24 'DivnS_SEQ' <Latency = 35> <II = 32> <Delay = 4.13> <FuncUnit> <Opcode : 'sdiv' 'srem' 'udiv' 'urem'> <InPorts = 2> <OutPorts = 1>

State 37 <SV = 36> <Delay = 5.62>
ST_37 : Operation 131 [1/36] (4.13ns)   --->   "%tmp_2_i_i = urem i32 %tmp_1_i_i, 100" [Gamelogic2/Gamelogic2.cpp:40->Gamelogic2/Gamelogic2.cpp:45->Gamelogic2/Gamelogic2.cpp:96]   --->   Operation 131 'urem' 'tmp_2_i_i' <Predicate = (brmerge2)> <Delay = 4.13> <Core = "DivnS_SEQ">   --->   Core 24 'DivnS_SEQ' <Latency = 35> <II = 32> <Delay = 4.13> <FuncUnit> <Opcode : 'sdiv' 'srem' 'udiv' 'urem'> <InPorts = 2> <OutPorts = 1>
ST_37 : Operation 132 [1/1] (0.00ns)   --->   "%tmp_1 = trunc i32 %tmp_2_i_i to i7" [Gamelogic2/Gamelogic2.cpp:45->Gamelogic2/Gamelogic2.cpp:96]   --->   Operation 132 'trunc' 'tmp_1' <Predicate = (brmerge2)> <Delay = 0.00>
ST_37 : Operation 133 [1/1] (0.00ns)   --->   "store i32 %tmp_2_i_i, i32* @RandSeed, align 4" [Gamelogic2/Gamelogic2.cpp:45->Gamelogic2/Gamelogic2.cpp:96]   --->   Operation 133 'store' <Predicate = (brmerge2)> <Delay = 0.00>
ST_37 : Operation 134 [1/1] (1.48ns)   --->   "%tmp_3_i = icmp ugt i7 %tmp_1, 50" [Gamelogic2/Gamelogic2.cpp:46->Gamelogic2/Gamelogic2.cpp:96]   --->   Operation 134 'icmp' 'tmp_3_i' <Predicate = (brmerge2)> <Delay = 1.48> <Core = "Cmp">   --->   Core 25 'Cmp' <Latency = 0> <II = 1> <Delay = 1.48> <FuncUnit> <Opcode : 'icmp'> <InPorts = 2> <OutPorts = 1>
ST_37 : Operation 135 [1/1] (0.00ns)   --->   "call void @_ssdm_op_Write.ap_none.i1P(i1* %right_out, i1 %tmp_3_i)" [Gamelogic2/Gamelogic2.cpp:96]   --->   Operation 135 'write' <Predicate = (brmerge2)> <Delay = 0.00>
ST_37 : Operation 136 [1/1] (0.00ns)   --->   "br label %._crit_edge" [Gamelogic2/Gamelogic2.cpp:96]   --->   Operation 136 'br' <Predicate = (brmerge2)> <Delay = 0.00>
ST_37 : Operation 137 [1/1] (0.00ns)   --->   "call void @_ssdm_op_Write.ap_none.i10P(i10* %center_line_out_V, i10 %to_add_8)" [Gamelogic2/Gamelogic2.cpp:97]   --->   Operation 137 'write' <Predicate = true> <Delay = 0.00>
ST_37 : Operation 138 [1/1] (0.00ns)   --->   "ret void" [Gamelogic2/Gamelogic2.cpp:99]   --->   Operation 138 'ret' <Predicate = true> <Delay = 0.00>


============================================================
+ Verbose Summary: Timing violations
============================================================
Target clock period: 10ns, clock uncertainty: 1.25ns.

 <State 1>: 8.58ns
The critical path consists of the following:
	wire read on port 'center_line_in_V' (Gamelogic2/Gamelogic2.cpp:60) [20]  (0 ns)
	'add' operation ('tmp_9', Gamelogic2/Gamelogic2.cpp:97) [34]  (1.73 ns)
	'select' operation ('p_9', Gamelogic2/Gamelogic2.cpp:90) [36]  (0 ns)
	'select' operation ('sel_tmp1', Gamelogic2/Gamelogic2.cpp:90) [38]  (0.978 ns)
	'select' operation ('sel_tmp5', Gamelogic2/Gamelogic2.cpp:90) [42]  (0.978 ns)
	'select' operation ('sel_tmp7', Gamelogic2/Gamelogic2.cpp:90) [46]  (0.978 ns)
	'select' operation ('sel_tmp12', Gamelogic2/Gamelogic2.cpp:90) [49]  (0.978 ns)
	'select' operation ('sel_tmp15', Gamelogic2/Gamelogic2.cpp:90) [52]  (0.978 ns)
	'select' operation ('sel_tmp18', Gamelogic2/Gamelogic2.cpp:90) [56]  (0.978 ns)
	'select' operation ('to_add_8', Gamelogic2/Gamelogic2.cpp:90) [60]  (0.978 ns)

 <State 2>: 6.69ns
The critical path consists of the following:
	'add' operation ('tmp_1_i_i', Gamelogic2/Gamelogic2.cpp:40->Gamelogic2/Gamelogic2.cpp:45->Gamelogic2/Gamelogic2.cpp:96) [68]  (2.55 ns)
	'urem' operation ('tmp_2_i_i', Gamelogic2/Gamelogic2.cpp:40->Gamelogic2/Gamelogic2.cpp:45->Gamelogic2/Gamelogic2.cpp:96) [69]  (4.13 ns)

 <State 3>: 4.13ns
The critical path consists of the following:
	'urem' operation ('tmp_2_i_i', Gamelogic2/Gamelogic2.cpp:40->Gamelogic2/Gamelogic2.cpp:45->Gamelogic2/Gamelogic2.cpp:96) [69]  (4.13 ns)

 <State 4>: 4.13ns
The critical path consists of the following:
	'urem' operation ('tmp_2_i_i', Gamelogic2/Gamelogic2.cpp:40->Gamelogic2/Gamelogic2.cpp:45->Gamelogic2/Gamelogic2.cpp:96) [69]  (4.13 ns)

 <State 5>: 4.13ns
The critical path consists of the following:
	'urem' operation ('tmp_2_i_i', Gamelogic2/Gamelogic2.cpp:40->Gamelogic2/Gamelogic2.cpp:45->Gamelogic2/Gamelogic2.cpp:96) [69]  (4.13 ns)

 <State 6>: 4.13ns
The critical path consists of the following:
	'urem' operation ('tmp_2_i_i', Gamelogic2/Gamelogic2.cpp:40->Gamelogic2/Gamelogic2.cpp:45->Gamelogic2/Gamelogic2.cpp:96) [69]  (4.13 ns)

 <State 7>: 4.13ns
The critical path consists of the following:
	'urem' operation ('tmp_2_i_i', Gamelogic2/Gamelogic2.cpp:40->Gamelogic2/Gamelogic2.cpp:45->Gamelogic2/Gamelogic2.cpp:96) [69]  (4.13 ns)

 <State 8>: 4.13ns
The critical path consists of the following:
	'urem' operation ('tmp_2_i_i', Gamelogic2/Gamelogic2.cpp:40->Gamelogic2/Gamelogic2.cpp:45->Gamelogic2/Gamelogic2.cpp:96) [69]  (4.13 ns)

 <State 9>: 4.13ns
The critical path consists of the following:
	'urem' operation ('tmp_2_i_i', Gamelogic2/Gamelogic2.cpp:40->Gamelogic2/Gamelogic2.cpp:45->Gamelogic2/Gamelogic2.cpp:96) [69]  (4.13 ns)

 <State 10>: 4.13ns
The critical path consists of the following:
	'urem' operation ('tmp_2_i_i', Gamelogic2/Gamelogic2.cpp:40->Gamelogic2/Gamelogic2.cpp:45->Gamelogic2/Gamelogic2.cpp:96) [69]  (4.13 ns)

 <State 11>: 4.13ns
The critical path consists of the following:
	'urem' operation ('tmp_2_i_i', Gamelogic2/Gamelogic2.cpp:40->Gamelogic2/Gamelogic2.cpp:45->Gamelogic2/Gamelogic2.cpp:96) [69]  (4.13 ns)

 <State 12>: 4.13ns
The critical path consists of the following:
	'urem' operation ('tmp_2_i_i', Gamelogic2/Gamelogic2.cpp:40->Gamelogic2/Gamelogic2.cpp:45->Gamelogic2/Gamelogic2.cpp:96) [69]  (4.13 ns)

 <State 13>: 4.13ns
The critical path consists of the following:
	'urem' operation ('tmp_2_i_i', Gamelogic2/Gamelogic2.cpp:40->Gamelogic2/Gamelogic2.cpp:45->Gamelogic2/Gamelogic2.cpp:96) [69]  (4.13 ns)

 <State 14>: 4.13ns
The critical path consists of the following:
	'urem' operation ('tmp_2_i_i', Gamelogic2/Gamelogic2.cpp:40->Gamelogic2/Gamelogic2.cpp:45->Gamelogic2/Gamelogic2.cpp:96) [69]  (4.13 ns)

 <State 15>: 4.13ns
The critical path consists of the following:
	'urem' operation ('tmp_2_i_i', Gamelogic2/Gamelogic2.cpp:40->Gamelogic2/Gamelogic2.cpp:45->Gamelogic2/Gamelogic2.cpp:96) [69]  (4.13 ns)

 <State 16>: 4.13ns
The critical path consists of the following:
	'urem' operation ('tmp_2_i_i', Gamelogic2/Gamelogic2.cpp:40->Gamelogic2/Gamelogic2.cpp:45->Gamelogic2/Gamelogic2.cpp:96) [69]  (4.13 ns)

 <State 17>: 4.13ns
The critical path consists of the following:
	'urem' operation ('tmp_2_i_i', Gamelogic2/Gamelogic2.cpp:40->Gamelogic2/Gamelogic2.cpp:45->Gamelogic2/Gamelogic2.cpp:96) [69]  (4.13 ns)

 <State 18>: 4.13ns
The critical path consists of the following:
	'urem' operation ('tmp_2_i_i', Gamelogic2/Gamelogic2.cpp:40->Gamelogic2/Gamelogic2.cpp:45->Gamelogic2/Gamelogic2.cpp:96) [69]  (4.13 ns)

 <State 19>: 4.13ns
The critical path consists of the following:
	'urem' operation ('tmp_2_i_i', Gamelogic2/Gamelogic2.cpp:40->Gamelogic2/Gamelogic2.cpp:45->Gamelogic2/Gamelogic2.cpp:96) [69]  (4.13 ns)

 <State 20>: 4.13ns
The critical path consists of the following:
	'urem' operation ('tmp_2_i_i', Gamelogic2/Gamelogic2.cpp:40->Gamelogic2/Gamelogic2.cpp:45->Gamelogic2/Gamelogic2.cpp:96) [69]  (4.13 ns)

 <State 21>: 4.13ns
The critical path consists of the following:
	'urem' operation ('tmp_2_i_i', Gamelogic2/Gamelogic2.cpp:40->Gamelogic2/Gamelogic2.cpp:45->Gamelogic2/Gamelogic2.cpp:96) [69]  (4.13 ns)

 <State 22>: 4.13ns
The critical path consists of the following:
	'urem' operation ('tmp_2_i_i', Gamelogic2/Gamelogic2.cpp:40->Gamelogic2/Gamelogic2.cpp:45->Gamelogic2/Gamelogic2.cpp:96) [69]  (4.13 ns)

 <State 23>: 4.13ns
The critical path consists of the following:
	'urem' operation ('tmp_2_i_i', Gamelogic2/Gamelogic2.cpp:40->Gamelogic2/Gamelogic2.cpp:45->Gamelogic2/Gamelogic2.cpp:96) [69]  (4.13 ns)

 <State 24>: 4.13ns
The critical path consists of the following:
	'urem' operation ('tmp_2_i_i', Gamelogic2/Gamelogic2.cpp:40->Gamelogic2/Gamelogic2.cpp:45->Gamelogic2/Gamelogic2.cpp:96) [69]  (4.13 ns)

 <State 25>: 4.13ns
The critical path consists of the following:
	'urem' operation ('tmp_2_i_i', Gamelogic2/Gamelogic2.cpp:40->Gamelogic2/Gamelogic2.cpp:45->Gamelogic2/Gamelogic2.cpp:96) [69]  (4.13 ns)

 <State 26>: 4.13ns
The critical path consists of the following:
	'urem' operation ('tmp_2_i_i', Gamelogic2/Gamelogic2.cpp:40->Gamelogic2/Gamelogic2.cpp:45->Gamelogic2/Gamelogic2.cpp:96) [69]  (4.13 ns)

 <State 27>: 4.13ns
The critical path consists of the following:
	'urem' operation ('tmp_2_i_i', Gamelogic2/Gamelogic2.cpp:40->Gamelogic2/Gamelogic2.cpp:45->Gamelogic2/Gamelogic2.cpp:96) [69]  (4.13 ns)

 <State 28>: 4.13ns
The critical path consists of the following:
	'urem' operation ('tmp_2_i_i', Gamelogic2/Gamelogic2.cpp:40->Gamelogic2/Gamelogic2.cpp:45->Gamelogic2/Gamelogic2.cpp:96) [69]  (4.13 ns)

 <State 29>: 4.13ns
The critical path consists of the following:
	'urem' operation ('tmp_2_i_i', Gamelogic2/Gamelogic2.cpp:40->Gamelogic2/Gamelogic2.cpp:45->Gamelogic2/Gamelogic2.cpp:96) [69]  (4.13 ns)

 <State 30>: 4.13ns
The critical path consists of the following:
	'urem' operation ('tmp_2_i_i', Gamelogic2/Gamelogic2.cpp:40->Gamelogic2/Gamelogic2.cpp:45->Gamelogic2/Gamelogic2.cpp:96) [69]  (4.13 ns)

 <State 31>: 4.13ns
The critical path consists of the following:
	'urem' operation ('tmp_2_i_i', Gamelogic2/Gamelogic2.cpp:40->Gamelogic2/Gamelogic2.cpp:45->Gamelogic2/Gamelogic2.cpp:96) [69]  (4.13 ns)

 <State 32>: 4.13ns
The critical path consists of the following:
	'urem' operation ('tmp_2_i_i', Gamelogic2/Gamelogic2.cpp:40->Gamelogic2/Gamelogic2.cpp:45->Gamelogic2/Gamelogic2.cpp:96) [69]  (4.13 ns)

 <State 33>: 4.13ns
The critical path consists of the following:
	'urem' operation ('tmp_2_i_i', Gamelogic2/Gamelogic2.cpp:40->Gamelogic2/Gamelogic2.cpp:45->Gamelogic2/Gamelogic2.cpp:96) [69]  (4.13 ns)

 <State 34>: 4.13ns
The critical path consists of the following:
	'urem' operation ('tmp_2_i_i', Gamelogic2/Gamelogic2.cpp:40->Gamelogic2/Gamelogic2.cpp:45->Gamelogic2/Gamelogic2.cpp:96) [69]  (4.13 ns)

 <State 35>: 4.13ns
The critical path consists of the following:
	'urem' operation ('tmp_2_i_i', Gamelogic2/Gamelogic2.cpp:40->Gamelogic2/Gamelogic2.cpp:45->Gamelogic2/Gamelogic2.cpp:96) [69]  (4.13 ns)

 <State 36>: 4.13ns
The critical path consists of the following:
	'urem' operation ('tmp_2_i_i', Gamelogic2/Gamelogic2.cpp:40->Gamelogic2/Gamelogic2.cpp:45->Gamelogic2/Gamelogic2.cpp:96) [69]  (4.13 ns)

 <State 37>: 5.62ns
The critical path consists of the following:
	'urem' operation ('tmp_2_i_i', Gamelogic2/Gamelogic2.cpp:40->Gamelogic2/Gamelogic2.cpp:45->Gamelogic2/Gamelogic2.cpp:96) [69]  (4.13 ns)
	'icmp' operation ('tmp_3_i', Gamelogic2/Gamelogic2.cpp:46->Gamelogic2/Gamelogic2.cpp:96) [72]  (1.49 ns)


============================================================
+ Verbose Summary: Binding
============================================================
N/A
* FSMD analyzer results:
  - Output states:
 - Input state : 
  - Chain level:
	State 1
	State 2
	State 3
	State 4
	State 5
	State 6
	State 7
	State 8
	State 9
	State 10
	State 11
	State 12
	State 13
	State 14
	State 15
	State 16
	State 17
	State 18
	State 19
	State 20
	State 21
	State 22
	State 23
	State 24
	State 25
	State 26
	State 27
	State 28
	State 29
	State 30
	State 31
	State 32
	State 33
	State 34
	State 35
	State 36
	State 37


============================================================
+ Verbose Summary: Datapath Resource usage 
============================================================
N/A
