

================================================================
== Vivado HLS Report for 'Gamelogic2'
================================================================
* Date:           Tue Apr 23 13:34:04 2019

* Version:        2018.3 (Build 2405991 on Thu Dec 06 23:56:15 MST 2018)
* Project:        Gamelogic2
* Solution:       solution1
* Product family: zynq
* Target device:  xc7z020clg400-1


================================================================
== Performance Estimates
================================================================
+ Timing (ns): 
    * Summary: 
    +--------+-------+----------+------------+
    |  Clock | Target| Estimated| Uncertainty|
    +--------+-------+----------+------------+
    |ap_clk  |  10.00|     8.577|        1.25|
    +--------+-------+----------+------------+

+ Latency (clock cycles): 
    * Summary: 
    +-----+-----+-----+-----+---------+
    |  Latency  |  Interval | Pipeline|
    | min | max | min | max |   Type  |
    +-----+-----+-----+-----+---------+
    |    3|   38|    3|   38|   none  |
    +-----+-----+-----+-----+---------+

    + Detail: 
        * Instance: 
        N/A

        * Loop: 
        N/A



================================================================
== Utilization Estimates
================================================================
* Summary: 
+-----------------+---------+-------+--------+-------+
|       Name      | BRAM_18K| DSP48E|   FF   |  LUT  |
+-----------------+---------+-------+--------+-------+
|DSP              |        -|      -|       -|      -|
|Expression       |        -|      0|       0|    530|
|FIFO             |        -|      -|       -|      -|
|Instance         |        -|      -|     394|    238|
|Memory           |        -|      -|       -|      -|
|Multiplexer      |        -|      -|       -|    213|
|Register         |        -|      -|     243|      -|
+-----------------+---------+-------+--------+-------+
|Total            |        0|      0|     637|    981|
+-----------------+---------+-------+--------+-------+
|Available        |      280|    220|  106400|  53200|
+-----------------+---------+-------+--------+-------+
|Utilization (%)  |        0|      0|   ~0   |      1|
+-----------------+---------+-------+--------+-------+

+ Detail: 
    * Instance: 
    +-------------------------+----------------------+---------+-------+-----+-----+
    |         Instance        |        Module        | BRAM_18K| DSP48E|  FF | LUT |
    +-------------------------+----------------------+---------+-------+-----+-----+
    |Gamelogic2_urem_3bkb_U1  |Gamelogic2_urem_3bkb  |        0|      0|  394|  238|
    +-------------------------+----------------------+---------+-------+-----+-----+
    |Total                    |                      |        0|      0|  394|  238|
    +-------------------------+----------------------+---------+-------+-----+-----+

    * DSP48: 
    N/A

    * Memory: 
    N/A

    * FIFO: 
    N/A

    * Expression: 
    +---------------------------------+----------+-------+---+----+------------+------------+
    |          Variable Name          | Operation| DSP48E| FF| LUT| Bitwidth P0| Bitwidth P1|
    +---------------------------------+----------+-------+---+----+------------+------------+
    |tmp_i_i_fu_384_p2                |     *    |      0|  0|  20|           4|          32|
    |grp_fu_395_p0                    |     +    |      0|  0|  39|           7|          32|
    |tmp_1_fu_172_p2                  |     +    |      0|  0|  39|          32|           1|
    |tmp_2_fu_199_p2                  |     +    |      0|  0|  14|          10|           5|
    |tmp_3_fu_205_p2                  |     +    |      0|  0|  14|          10|           4|
    |tmp_8_fu_132_p2                  |     +    |      0|  0|  39|          32|           1|
    |tmp_9_fu_146_p2                  |     +    |      0|  0|  39|          32|           1|
    |tmp_s_fu_158_p2                  |     +    |      0|  0|  39|          32|           1|
    |sel_tmp11_fu_293_p2              |    and   |      0|  0|   2|           1|           1|
    |sel_tmp14_fu_313_p2              |    and   |      0|  0|   2|           1|           1|
    |sel_tmp17_fu_337_p2              |    and   |      0|  0|   2|           1|           1|
    |sel_tmp20_fu_361_p2              |    and   |      0|  0|   2|           1|           1|
    |sel_tmp3_fu_245_p2               |    and   |      0|  0|   2|           1|           1|
    |sel_tmp4_fu_251_p2               |    and   |      0|  0|   2|           1|           1|
    |sel_tmp6_fu_275_p2               |    and   |      0|  0|   2|           1|           1|
    |sel_tmp9_fu_269_p2               |    and   |      0|  0|   2|           1|           1|
    |sel_tmp_fu_227_p2                |    and   |      0|  0|   2|           1|           1|
    |right_out                        |   icmp   |      0|  0|  11|           7|           6|
    |tmp_4_fu_374_p2                  |   icmp   |      0|  0|  18|          32|           4|
    |p_btn_count_flag_2_fu_186_p2     |    or    |      0|  0|   2|           1|           1|
    |sel_tmp24_demorgan_fu_326_p2     |    or    |      0|  0|   2|           1|           1|
    |sel_tmp31_demorgan_fu_350_p2     |    or    |      0|  0|   2|           1|           1|
    |tmp1_fu_181_p2                   |    or    |      0|  0|   2|           1|           1|
    |tmp_fu_177_p2                    |    or    |      0|  0|   2|           1|           1|
    |btn_count_loc_fu_138_p3          |  select  |      0|  0|  32|           1|          32|
    |btn_count_new_2_fu_164_p3        |  select  |      0|  0|  32|           1|          32|
    |p_9_fu_219_p3                    |  select  |      0|  0|  10|           1|          10|
    |p_s_fu_211_p3                    |  select  |      0|  0|  10|           1|          10|
    |sel_tmp12_fu_299_p3              |  select  |      0|  0|  10|           1|          10|
    |sel_tmp15_fu_318_p3              |  select  |      0|  0|  10|           1|          10|
    |sel_tmp18_fu_342_p3              |  select  |      0|  0|  10|           1|          10|
    |sel_tmp1_fu_232_p3               |  select  |      0|  0|  10|           1|          10|
    |sel_tmp5_fu_256_p3               |  select  |      0|  0|  10|           1|          10|
    |sel_tmp7_fu_280_p3               |  select  |      0|  0|  10|           1|          10|
    |tmp_1_btn_count_new_2_fu_192_p3  |  select  |      0|  0|  32|           1|          32|
    |tmp_9_btn_count_loc_fu_151_p3    |  select  |      0|  0|  32|           1|          32|
    |to_add_8_fu_366_p3               |  select  |      0|  0|  10|           1|          10|
    |sel_tmp10_fu_288_p2              |    xor   |      0|  0|   2|           1|           2|
    |sel_tmp13_fu_307_p2              |    xor   |      0|  0|   2|           1|           2|
    |sel_tmp16_fu_331_p2              |    xor   |      0|  0|   2|           1|           2|
    |sel_tmp19_fu_355_p2              |    xor   |      0|  0|   2|           1|           2|
    |sel_tmp2_fu_240_p2               |    xor   |      0|  0|   2|           1|           2|
    |sel_tmp8_fu_264_p2               |    xor   |      0|  0|   2|           1|           2|
    +---------------------------------+----------+-------+---+----+------------+------------+
    |Total                            |          |      0|  0| 530|         231|         331|
    +---------------------------------+----------+-------+---+----+------------+------------+

    * Multiplexer: 
    +-------------------------------------------+-----+-----------+-----+-----------+
    |                    Name                   | LUT | Input Size| Bits| Total Bits|
    +-------------------------------------------+-----+-----------+-----+-----------+
    |ap_NS_fsm                                  |  177|         40|    1|         40|
    |ap_phi_mux_btn_count_flag_4_phi_fu_111_p4  |    9|          2|    1|          2|
    |ap_phi_mux_btn_count_new_4_phi_fu_121_p4   |    9|          2|   32|         64|
    |btn_count_flag_4_reg_108                   |    9|          2|    1|          2|
    |btn_count_new_4_reg_118                    |    9|          2|   32|         64|
    +-------------------------------------------+-----+-----------+-----+-----------+
    |Total                                      |  213|         48|   67|        172|
    +-------------------------------------------+-----+-----------+-----+-----------+

    * Register: 
    +--------------------------+----+----+-----+-----------+
    |           Name           | FF | LUT| Bits| Const Bits|
    +--------------------------+----+----+-----+-----------+
    |RandSeed                  |  32|   0|   32|          0|
    |ap_CS_fsm                 |  39|   0|   39|          0|
    |btn_count                 |  32|   0|   32|          0|
    |btn_count_flag_4_reg_108  |   1|   0|    1|          0|
    |btn_count_loc_reg_433     |  32|   0|   32|          0|
    |btn_count_new_2_reg_456   |  32|   0|   32|          0|
    |btn_count_new_4_reg_118   |  32|   0|   32|          0|
    |tmp_4_reg_477             |   1|   0|    1|          0|
    |tmp_i_i_reg_481           |  32|   0|   32|          0|
    |to_add_8_reg_472          |  10|   0|   10|          0|
    +--------------------------+----+----+-----+-----------+
    |Total                     | 243|   0|  243|          0|
    +--------------------------+----+----+-----+-----------+



================================================================
== Interface
================================================================
* Summary: 
+-------------------+-----+-----+------------+-------------------+--------------+
|     RTL Ports     | Dir | Bits|  Protocol  |   Source Object   |    C Type    |
+-------------------+-----+-----+------------+-------------------+--------------+
|ap_clk             |  in |    1| ap_ctrl_hs |     Gamelogic2    | return value |
|ap_rst             |  in |    1| ap_ctrl_hs |     Gamelogic2    | return value |
|ap_start           |  in |    1| ap_ctrl_hs |     Gamelogic2    | return value |
|ap_done            | out |    1| ap_ctrl_hs |     Gamelogic2    | return value |
|ap_idle            | out |    1| ap_ctrl_hs |     Gamelogic2    | return value |
|ap_ready           | out |    1| ap_ctrl_hs |     Gamelogic2    | return value |
|btn0               |  in |    1|   ap_none  |        btn0       |    scalar    |
|btn1               |  in |    1|   ap_none  |        btn1       |    scalar    |
|btn2               |  in |    1|   ap_none  |        btn2       |    scalar    |
|btn3               |  in |    1|   ap_none  |        btn3       |    scalar    |
|center_line_out_V  | out |   10|   ap_none  | center_line_out_V |    pointer   |
|center_line_in_V   |  in |   10|   ap_none  |  center_line_in_V |    scalar    |
|right_out          | out |    1|   ap_none  |     right_out     |    pointer   |
|right_in           |  in |    1|   ap_none  |      right_in     |    scalar    |
+-------------------+-----+-----+------------+-------------------+--------------+

