

================================================================
== Vivado HLS Report for 'Gamelogic2'
================================================================
* Date:           Wed Apr 24 12:47:50 2019

* Version:        2018.3 (Build 2405991 on Thu Dec 06 23:56:15 MST 2018)
* Project:        Gamelogic2
* Solution:       solution1
* Product family: zynq
* Target device:  xc7z020clg400-1


================================================================
== Performance Estimates
================================================================
+ Timing (ns): 
    * Summary: 
    +--------+-------+----------+------------+
    |  Clock | Target| Estimated| Uncertainty|
    +--------+-------+----------+------------+
    |ap_clk  |  10.00|     8.510|        1.25|
    +--------+-------+----------+------------+

+ Latency (clock cycles): 
    * Summary: 
    +-----+-----+-----+-----+---------+
    |  Latency  |  Interval | Pipeline|
    | min | max | min | max |   Type  |
    +-----+-----+-----+-----+---------+
    |    1|   36|    1|   36|   none  |
    +-----+-----+-----+-----+---------+

    + Detail: 
        * Instance: 
        N/A

        * Loop: 
        N/A



================================================================
== Utilization Estimates
================================================================
* Summary: 
+-----------------+---------+-------+--------+-------+
|       Name      | BRAM_18K| DSP48E|   FF   |  LUT  |
+-----------------+---------+-------+--------+-------+
|DSP              |        -|      -|       -|      -|
|Expression       |        -|      0|       0|    331|
|FIFO             |        -|      -|       -|      -|
|Instance         |        -|      -|     394|    238|
|Memory           |        -|      -|       -|      -|
|Multiplexer      |        -|      -|       -|    205|
|Register         |        -|      -|     179|      -|
+-----------------+---------+-------+--------+-------+
|Total            |        0|      0|     573|    774|
+-----------------+---------+-------+--------+-------+
|Available        |      280|    220|  106400|  53200|
+-----------------+---------+-------+--------+-------+
|Utilization (%)  |        0|      0|   ~0   |      1|
+-----------------+---------+-------+--------+-------+

+ Detail: 
    * Instance: 
    +-------------------------+----------------------+---------+-------+-----+-----+
    |         Instance        |        Module        | BRAM_18K| DSP48E|  FF | LUT |
    +-------------------------+----------------------+---------+-------+-----+-----+
    |Gamelogic2_urem_3bkb_U1  |Gamelogic2_urem_3bkb  |        0|      0|  394|  238|
    +-------------------------+----------------------+---------+-------+-----+-----+
    |Total                    |                      |        0|      0|  394|  238|
    +-------------------------+----------------------+---------+-------+-----+-----+

    * DSP48: 
    N/A

    * Memory: 
    N/A

    * FIFO: 
    N/A

    * Expression: 
    +------------------------------+----------+-------+---+----+------------+------------+
    |         Variable Name        | Operation| DSP48E| FF| LUT| Bitwidth P0| Bitwidth P1|
    +------------------------------+----------+-------+---+----+------------+------------+
    |tmp_i_i_fu_360_p2             |     *    |      0|  0|  20|           4|          32|
    |grp_fu_371_p0                 |     +    |      0|  0|  39|           7|          32|
    |tmp_8_fu_150_p2               |     +    |      0|  0|  39|          32|           1|
    |tmp_9_fu_164_p2               |     +    |      0|  0|  12|          12|           5|
    |tmp_s_fu_170_p2               |     +    |      0|  0|  12|          12|           4|
    |sel_tmp11_fu_264_p2           |    and   |      0|  0|   2|           1|           1|
    |sel_tmp14_fu_284_p2           |    and   |      0|  0|   2|           1|           1|
    |sel_tmp17_fu_310_p2           |    and   |      0|  0|   2|           1|           1|
    |sel_tmp20_fu_336_p2           |    and   |      0|  0|   2|           1|           1|
    |sel_tmp3_fu_212_p2            |    and   |      0|  0|   2|           1|           1|
    |sel_tmp4_fu_218_p2            |    and   |      0|  0|   2|           1|           1|
    |sel_tmp6_fu_244_p2            |    and   |      0|  0|   2|           1|           1|
    |sel_tmp9_fu_238_p2            |    and   |      0|  0|   2|           1|           1|
    |sel_tmp_fu_192_p2             |    and   |      0|  0|   2|           1|           1|
    |right_out                     |   icmp   |      0|  0|  11|           7|           6|
    |tmp_7_fu_350_p2               |   icmp   |      0|  0|  18|          32|           4|
    |brmerge1_fu_140_p2            |    or    |      0|  0|   2|           1|           1|
    |sel_tmp24_demorgan_fu_298_p2  |    or    |      0|  0|   2|           1|           1|
    |sel_tmp31_demorgan_fu_324_p2  |    or    |      0|  0|   2|           1|           1|
    |tmp1_fu_134_p2                |    or    |      0|  0|   2|           1|           1|
    |tmp_fu_128_p2                 |    or    |      0|  0|   2|           1|           1|
    |btn_count_loc_fu_156_p3       |  select  |      0|  0|  32|           1|          32|
    |p_1_fu_184_p3                 |  select  |      0|  0|  12|           1|          12|
    |p_s_fu_176_p3                 |  select  |      0|  0|  12|           1|          12|
    |sel_tmp12_fu_270_p3           |  select  |      0|  0|  12|           1|          12|
    |sel_tmp15_fu_290_p3           |  select  |      0|  0|  12|           1|          12|
    |sel_tmp18_fu_316_p3           |  select  |      0|  0|  12|           1|          12|
    |sel_tmp1_fu_198_p3            |  select  |      0|  0|  12|           1|          12|
    |sel_tmp5_fu_224_p3            |  select  |      0|  0|  12|           1|          12|
    |sel_tmp7_fu_250_p3            |  select  |      0|  0|  12|           1|          12|
    |to_add_8_fu_342_p3            |  select  |      0|  0|  12|           1|          12|
    |sel_tmp10_fu_258_p2           |    xor   |      0|  0|   2|           1|           2|
    |sel_tmp13_fu_278_p2           |    xor   |      0|  0|   2|           1|           2|
    |sel_tmp16_fu_304_p2           |    xor   |      0|  0|   2|           1|           2|
    |sel_tmp19_fu_330_p2           |    xor   |      0|  0|   2|           1|           2|
    |sel_tmp2_fu_206_p2            |    xor   |      0|  0|   2|           1|           2|
    |sel_tmp8_fu_232_p2            |    xor   |      0|  0|   2|           1|           2|
    +------------------------------+----------+-------+---+----+------------+------------+
    |Total                         |          |      0|  0| 331|         136|         250|
    +------------------------------+----------+-------+---+----+------------+------------+

    * Multiplexer: 
    +-------------------------------------------+-----+-----------+-----+-----------+
    |                    Name                   | LUT | Input Size| Bits| Total Bits|
    +-------------------------------------------+-----+-----------+-----+-----------+
    |ap_NS_fsm                                  |  169|         38|    1|         38|
    |ap_phi_mux_btn_count_flag_1_phi_fu_111_p4  |    9|          2|    1|          2|
    |ap_phi_mux_btn_count_new_1_phi_fu_121_p4   |    9|          2|   32|         64|
    |btn_count_flag_1_reg_108                   |    9|          2|    1|          2|
    |btn_count_new_1_reg_118                    |    9|          2|   32|         64|
    +-------------------------------------------+-----+-----------+-----+-----------+
    |Total                                      |  205|         46|   67|        170|
    +-------------------------------------------+-----+-----------+-----+-----------+

    * Register: 
    +--------------------------+----+----+-----+-----------+
    |           Name           | FF | LUT| Bits| Const Bits|
    +--------------------------+----+----+-----+-----------+
    |RandSeed                  |  32|   0|   32|          0|
    |ap_CS_fsm                 |  37|   0|   37|          0|
    |btn_count                 |  32|   0|   32|          0|
    |btn_count_flag_1_reg_108  |   1|   0|    1|          0|
    |btn_count_new_1_reg_118   |  32|   0|   32|          0|
    |tmp_7_reg_415             |   1|   0|    1|          0|
    |tmp_i_i_reg_419           |  32|   0|   32|          0|
    |to_add_8_reg_410          |  12|   0|   12|          0|
    +--------------------------+----+----+-----+-----------+
    |Total                     | 179|   0|  179|          0|
    +--------------------------+----+----+-----+-----------+



================================================================
== Interface
================================================================
* Summary: 
+-------------------+-----+-----+------------+-------------------+--------------+
|     RTL Ports     | Dir | Bits|  Protocol  |   Source Object   |    C Type    |
+-------------------+-----+-----+------------+-------------------+--------------+
|ap_clk             |  in |    1| ap_ctrl_hs |     Gamelogic2    | return value |
|ap_rst             |  in |    1| ap_ctrl_hs |     Gamelogic2    | return value |
|ap_start           |  in |    1| ap_ctrl_hs |     Gamelogic2    | return value |
|ap_done            | out |    1| ap_ctrl_hs |     Gamelogic2    | return value |
|ap_idle            | out |    1| ap_ctrl_hs |     Gamelogic2    | return value |
|ap_ready           | out |    1| ap_ctrl_hs |     Gamelogic2    | return value |
|btn0               |  in |    1|   ap_none  |        btn0       |    scalar    |
|btn1               |  in |    1|   ap_none  |        btn1       |    scalar    |
|btn2               |  in |    1|   ap_none  |        btn2       |    scalar    |
|btn3               |  in |    1|   ap_none  |        btn3       |    scalar    |
|center_line_out_V  | out |   12|   ap_none  | center_line_out_V |    pointer   |
|center_line_in_V   |  in |   12|   ap_none  |  center_line_in_V |    scalar    |
|right_out          | out |    1|   ap_none  |     right_out     |    pointer   |
|right_in           |  in |    1|   ap_none  |      right_in     |    scalar    |
+-------------------+-----+-----+------------+-------------------+--------------+

